[TRIAL  1] base_w=0.0199  n_aux=10  boltz=N  CV_MAE=0.5189±0.0181  best=0.5189  dt=5.5min
[TRIAL  2] base_w=0.0459  n_aux=20  boltz=N  CV_MAE=0.5170±0.0257  best=0.5170  dt=6.7min
[TRIAL  3] base_w=0.0154  n_aux=25  boltz=N  CV_MAE=0.5317±0.0215  best=0.5170  dt=6.2min
[TRIAL  4] base_w=0.0269  n_aux=10  boltz=Y  CV_MAE=0.5094±0.0247  best=0.5094  dt=6.6min
[TRIAL  5] base_w=0.0064  n_aux=15  boltz=Y  CV_MAE=0.5143±0.0302  best=0.5094  dt=5.3min
[TRIAL  6] base_w=0.0078  n_aux=20  boltz=N  CV_MAE=0.5324±0.0324  best=0.5094  dt=5.7min
[TRIAL  7] base_w=0.0376  n_aux=15  boltz=N  CV_MAE=0.5157±0.0205  best=0.5094  dt=6.9min
[TRIAL  8] base_w=0.0069  n_aux=25  boltz=Y  CV_MAE=0.5145±0.0260  best=0.5094  dt=5.8min
[TRIAL  9] PRUNED@fold0 base_w=0.0141  n_aux=30  boltz=Y  running_MAE=0.5133  dt=1.4min
[TRIAL 10] base_w=0.0051  n_aux=10  boltz=Y  CV_MAE=0.5223±0.0307  best=0.5094  dt=5.8min
[TRIAL 11] base_w=0.1501  n_aux=10  boltz=Y  CV_MAE=0.5071±0.0426  best=0.5071  dt=6.5min
[TRIAL 12] base_w=0.1558  n_aux=10  boltz=Y  CV_MAE=0.5055±0.0313  best=0.5055  dt=7.3min
[TRIAL 13] base_w=0.1810  n_aux=10  boltz=Y  CV_MAE=0.5033±0.0253  best=0.5033  dt=7.1min
[TRIAL 14] base_w=0.1982  n_aux=10  boltz=Y  CV_MAE=0.5037±0.0240  best=0.5033  dt=7.5min
[TRIAL 15] base_w=0.0863  n_aux=30  boltz=Y  CV_MAE=0.5108±0.0271  best=0.5033  dt=7.7min
[TRIAL 16] PRUNED@fold0 base_w=0.0809  n_aux=10  boltz=Y  running_MAE=0.5014  dt=1.5min
[TRIAL 17] base_w=0.1772  n_aux=10  boltz=Y  CV_MAE=0.5036±0.0299  best=0.5033  dt=7.4min
[TRIAL 18] base_w=0.0925  n_aux=10  boltz=Y  CV_MAE=0.5021±0.0272  best=0.5021  dt=7.9min
[TRIAL 19] PRUNED@fold0 base_w=0.0862  n_aux=20  boltz=Y  running_MAE=0.4887  dt=2.4min
[TRIAL 20] PRUNED@fold0 base_w=0.0601  n_aux=15  boltz=Y  running_MAE=0.4908  dt=1.7min
[TRIAL 21] base_w=0.1158  n_aux=30  boltz=Y  CV_MAE=0.5066±0.0192  best=0.5021  dt=7.6min
[TRIAL 22] base_w=0.1988  n_aux=10  boltz=Y  CV_MAE=0.5113±0.0229  best=0.5021  dt=6.7min
