/home/nagaet/pxr-iduction-challenge/.pixi/envs/default/lib/python3.12/site-packages/umap/umap_.py:1887: UserWarning: gradient function is not yet implemented for jaccard distance metric; inverse_transform will be unavailable
  warn(
/home/nagaet/pxr-iduction-challenge/.pixi/envs/default/lib/python3.12/site-packages/umap/umap_.py:1952: UserWarning: n_jobs value 1 overridden to 1 by setting random_state. Use no seed for parallelism.
  warn(
Loading data...
Train rows: 4140, test rows: 513
Allow list: 12 models

Loaded 12 models with aligned OOF + test.
  chemprop_optuna_umap                             OOF RAE = 0.5724
  chemprop_chemeleon_umap                          OOF RAE = 0.6038
  chemprop_multitask5_umap_aux0.0_tuned            OOF RAE = 0.5755
  attentivefp_optuna_umap                          OOF RAE = 0.5803
  gatedgcn_pretrain_finetune_frozen_umap           OOF RAE = 0.5580
  residual_physprop+mordred_umap                   OOF RAE = 0.5806
  tabpfn_2d_full_boltz_umap                        OOF RAE = 0.5303
  tabpfn_chemeleon_umap                            OOF RAE = 0.5625
  lgbm_pooled_boltz_umap                           OOF RAE = 0.5622
  tabpfn_pooled_boltz_umap_default                 OOF RAE = 0.5342
  tabpfn_pooled_boltz_allpairs_umap_default        OOF RAE = 0.5341
  chemprop_pretrain_finetune_frozen_umap           OOF RAE = 0.5180

Building UMAP folds for fold-based weight optimization...

======================================================================
  STRATEGY COMPARISON
======================================================================

  ens_simple_avg:
    OOF RAE=0.5021  MAE=0.4569  R2=0.6662  Spearman=0.7884
    Weights (12 significant):
      chemprop_optuna_umap                          0.0833
      chemprop_chemeleon_umap                       0.0833
      chemprop_multitask5_umap_aux0.0_tuned         0.0833
      attentivefp_optuna_umap                       0.0833
      gatedgcn_pretrain_finetune_frozen_umap        0.0833
      residual_physprop+mordred_umap                0.0833
      tabpfn_2d_full_boltz_umap                     0.0833
      tabpfn_chemeleon_umap                         0.0833
      lgbm_pooled_boltz_umap                        0.0833
      tabpfn_pooled_boltz_umap_default              0.0833
      tabpfn_pooled_boltz_allpairs_umap_default     0.0833
      chemprop_pretrain_finetune_frozen_umap        0.0833
  Recorded experiment 'ens_simple_avg' (id=513)

  ens_vanilla:
    OOF RAE=0.4868  MAE=0.4429  R2=0.6905  Spearman=0.8041
    Weights (9 significant):
      chemprop_pretrain_finetune_frozen_umap        0.4186
      tabpfn_2d_full_boltz_umap                     0.1516
      tabpfn_pooled_boltz_allpairs_umap_default     0.0939
      tabpfn_pooled_boltz_umap_default              0.0761
      chemprop_multitask5_umap_aux0.0_tuned         0.0743
      lgbm_pooled_boltz_umap                        0.0620
      tabpfn_chemeleon_umap                         0.0482
      chemprop_optuna_umap                          0.0407
      gatedgcn_pretrain_finetune_frozen_umap        0.0332
    [ERROR] ens_vanilla: record_experiment failed (UniqueViolation: duplicate key value violates unique constraint "experiments_name_key"
DETAIL:  Key (name)=(ens_vanilla) already exists.
). CSV still on disk at submissions/ens_vanilla.csv; continuing.

  ens_l2_a0.05:
    OOF RAE=0.4884  MAE=0.4444  R2=0.6871  Spearman=0.8026
    Weights (11 significant):
      chemprop_pretrain_finetune_frozen_umap        0.3076
      tabpfn_pooled_boltz_umap_default              0.1225
      tabpfn_2d_full_boltz_umap                     0.1101
      tabpfn_pooled_boltz_allpairs_umap_default     0.0995
      gatedgcn_pretrain_finetune_frozen_umap        0.0873
      chemprop_multitask5_umap_aux0.0_tuned         0.0674
      chemprop_optuna_umap                          0.0623
      lgbm_pooled_boltz_umap                        0.0422
      tabpfn_chemeleon_umap                         0.0411
      chemprop_chemeleon_umap                       0.0338
      residual_physprop+mordred_umap                0.0261
  Recorded experiment 'ens_l2_a0.05' (id=515)

  ens_l2_a0.1:
    OOF RAE=0.4906  MAE=0.4464  R2=0.6834  Spearman=0.8004
    Weights (12 significant):
      chemprop_pretrain_finetune_frozen_umap        0.2533
      tabpfn_pooled_boltz_umap_default              0.1076
      tabpfn_pooled_boltz_allpairs_umap_default     0.1040
      tabpfn_2d_full_boltz_umap                     0.0934
      gatedgcn_pretrain_finetune_frozen_umap        0.0835
      chemprop_multitask5_umap_aux0.0_tuned         0.0720
      chemprop_optuna_umap                          0.0647
      lgbm_pooled_boltz_umap                        0.0577
      tabpfn_chemeleon_umap                         0.0530
      chemprop_chemeleon_umap                       0.0472
      residual_physprop+mordred_umap                0.0427
      attentivefp_optuna_umap                       0.0210
  Recorded experiment 'ens_l2_a0.1' (id=516)

  ens_l2_a0.3:
    OOF RAE=0.4956  MAE=0.4510  R2=0.6757  Spearman=0.7953
    Weights (12 significant):
      chemprop_pretrain_finetune_frozen_umap        0.1677
      tabpfn_pooled_boltz_allpairs_umap_default     0.0944
      tabpfn_pooled_boltz_umap_default              0.0936
      tabpfn_2d_full_boltz_umap                     0.0861
      gatedgcn_pretrain_finetune_frozen_umap        0.0842
      chemprop_multitask5_umap_aux0.0_tuned         0.0743
      lgbm_pooled_boltz_umap                        0.0738
      chemprop_optuna_umap                          0.0724
      tabpfn_chemeleon_umap                         0.0678
      chemprop_chemeleon_umap                       0.0661
      residual_physprop+mordred_umap                0.0643
      attentivefp_optuna_umap                       0.0554
  Recorded experiment 'ens_l2_a0.3' (id=517)

  ens_l2_a0.5:
    OOF RAE=0.4976  MAE=0.4528  R2=0.6727  Spearman=0.7933
    Weights (12 significant):
      chemprop_pretrain_finetune_frozen_umap        0.1394
      tabpfn_pooled_boltz_allpairs_umap_default     0.0902
      tabpfn_pooled_boltz_umap_default              0.0899
      gatedgcn_pretrain_finetune_frozen_umap        0.0850
      tabpfn_2d_full_boltz_umap                     0.0844
      lgbm_pooled_boltz_umap                        0.0772
      chemprop_multitask5_umap_aux0.0_tuned         0.0768
      chemprop_optuna_umap                          0.0759
      tabpfn_chemeleon_umap                         0.0728
      chemprop_chemeleon_umap                       0.0718
      residual_physprop+mordred_umap                0.0706
      attentivefp_optuna_umap                       0.0660
  Recorded experiment 'ens_l2_a0.5' (id=518)

  ens_fold:
    OOF RAE=0.4879  MAE=0.4440  R2=0.6892  Spearman=0.8039
    Weights (11 significant):
      chemprop_pretrain_finetune_frozen_umap        0.3590
      tabpfn_pooled_boltz_allpairs_umap_default     0.1282
      chemprop_optuna_umap                          0.0845
      tabpfn_pooled_boltz_umap_default              0.0845
      gatedgcn_pretrain_finetune_frozen_umap        0.0725
      tabpfn_2d_full_boltz_umap                     0.0610
      tabpfn_chemeleon_umap                         0.0554
      lgbm_pooled_boltz_umap                        0.0469
      residual_physprop+mordred_umap                0.0386
      chemprop_chemeleon_umap                       0.0366
      chemprop_multitask5_umap_aux0.0_tuned         0.0231
  Recorded experiment 'ens_fold' (id=519)

  ens_fold_l2_a0.1:
    OOF RAE=0.4909  MAE=0.4467  R2=0.6830  Spearman=0.8001
    Weights (12 significant):
      chemprop_pretrain_finetune_frozen_umap        0.2501
      tabpfn_pooled_boltz_allpairs_umap_default     0.1046
      tabpfn_pooled_boltz_umap_default              0.1020
      tabpfn_2d_full_boltz_umap                     0.0927
      gatedgcn_pretrain_finetune_frozen_umap        0.0823
      tabpfn_chemeleon_umap                         0.0718
      chemprop_multitask5_umap_aux0.0_tuned         0.0627
      chemprop_optuna_umap                          0.0604
      lgbm_pooled_boltz_umap                        0.0556
      chemprop_chemeleon_umap                       0.0476
      residual_physprop+mordred_umap                0.0462
      attentivefp_optuna_umap                       0.0241
  Recorded experiment 'ens_fold_l2_a0.1' (id=520)

  ens_fold_l2_a0.3:
    OOF RAE=0.4955  MAE=0.4509  R2=0.6759  Spearman=0.7954
    Weights (12 significant):
      chemprop_pretrain_finetune_frozen_umap        0.1692
      tabpfn_pooled_boltz_umap_default              0.0944
      tabpfn_pooled_boltz_allpairs_umap_default     0.0934
      tabpfn_2d_full_boltz_umap                     0.0863
      gatedgcn_pretrain_finetune_frozen_umap        0.0822
      chemprop_multitask5_umap_aux0.0_tuned         0.0737
      lgbm_pooled_boltz_umap                        0.0735
      chemprop_optuna_umap                          0.0714
      tabpfn_chemeleon_umap                         0.0680
      residual_physprop+mordred_umap                0.0677
      chemprop_chemeleon_umap                       0.0659
      attentivefp_optuna_umap                       0.0542
  Recorded experiment 'ens_fold_l2_a0.3' (id=521)

  ens_caruana_bag20:
    OOF RAE=0.4938  MAE=0.4493  R2=0.6781  Spearman=0.7966
    Weights (10 significant):
      tabpfn_pooled_boltz_allpairs_umap_default     0.1723
      tabpfn_pooled_boltz_umap_default              0.1670
      chemprop_pretrain_finetune_frozen_umap        0.1636
      tabpfn_2d_full_boltz_umap                     0.1204
      gatedgcn_pretrain_finetune_frozen_umap        0.0956
      chemprop_multitask5_umap_aux0.0_tuned         0.0636
      chemprop_optuna_umap                          0.0602
      chemprop_chemeleon_umap                       0.0602
      residual_physprop+mordred_umap                0.0442
      tabpfn_chemeleon_umap                         0.0374
  Recorded experiment 'ens_caruana_bag20' (id=522)

======================================================================
  SUMMARY
======================================================================
  Strategy                    OOF RAE   OOF MAE    OOF R2   Spearman
  ------------------------------------------------------------------
  vanilla                      0.4868    0.4429    0.6905     0.8041
  fold                         0.4879    0.4440    0.6892     0.8039
  l2_a0.05                     0.4884    0.4444    0.6871     0.8026
  l2_a0.1                      0.4906    0.4464    0.6834     0.8004
  fold_l2_a0.1                 0.4909    0.4467    0.6830     0.8001
  caruana_bag20                0.4938    0.4493    0.6781     0.7966
  fold_l2_a0.3                 0.4955    0.4509    0.6759     0.7954
  l2_a0.3                      0.4956    0.4510    0.6757     0.7953
  l2_a0.5                      0.4976    0.4528    0.6727     0.7933
  simple_avg                   0.5021    0.4569    0.6662     0.7884

  Best (by OOF RAE): vanilla = 0.4868
  LB RAE reference: 0.62 (ens_v7, 2026-04-07 snapshot — update after next submission)

  Remember: lower OOF RAE may not translate to better LB if the optimizer overfits weights.
