/home/nagaet/pxr-iduction-challenge/.pixi/envs/default/lib/python3.12/site-packages/umap/umap_.py:1887: UserWarning: gradient function is not yet implemented for jaccard distance metric; inverse_transform will be unavailable
  warn(
/home/nagaet/pxr-iduction-challenge/.pixi/envs/default/lib/python3.12/site-packages/umap/umap_.py:1952: UserWarning: n_jobs value 1 overridden to 1 by setting random_state. Use no seed for parallelism.
  warn(
GPU available: True (cuda), used: True
TPU available: False, using: 0 TPU cores
💡 Tip: For seamless cloud logging and experiment tracking, try installing [litlogger](https://pypi.org/project/litlogger/) to enable LitLogger, which logs metrics and artifacts automatically to the Lightning Experiments platform.
💡 Tip: For seamless cloud uploads and versioning, try installing [litmodels](https://pypi.org/project/litmodels/) to enable LitModelCheckpoint, which syncs automatically with the Lightning model registry.
/home/nagaet/pxr-iduction-challenge/.pixi/envs/default/lib/python3.12/site-packages/lightning/pytorch/callbacks/model_checkpoint.py:881: Checkpoint directory /home/nagaet/pxr-iduction-challenge/checkpoints exists and is not empty.
LOCAL_RANK: 0 - CUDA_VISIBLE_DEVICES: [0]
Loading `train_dataloader` to estimate number of stepping batches.
/home/nagaet/pxr-iduction-challenge/.pixi/envs/default/lib/python3.12/site-packages/lightning/pytorch/utilities/_pytree.py:21: `isinstance(treespec, LeafSpec)` is deprecated, use `isinstance(treespec, TreeSpec) and treespec.is_leaf()` instead.
/home/nagaet/pxr-iduction-challenge/.pixi/envs/default/lib/python3.12/site-packages/lightning/pytorch/trainer/connectors/data_connector.py:434: The 'train_dataloader' does not have many workers which may be a bottleneck. Consider increasing the value of the `num_workers` argument` to `num_workers=31` in the `DataLoader` to improve performance.
/home/nagaet/pxr-iduction-challenge/.pixi/envs/default/lib/python3.12/site-packages/lightning/pytorch/trainer/connectors/data_connector.py:434: The 'val_dataloader' does not have many workers which may be a bottleneck. Consider increasing the value of the `num_workers` argument` to `num_workers=31` in the `DataLoader` to improve performance.
LOCAL_RANK: 0 - CUDA_VISIBLE_DEVICES: [0]
/home/nagaet/pxr-iduction-challenge/.pixi/envs/default/lib/python3.12/site-packages/lightning/pytorch/trainer/connectors/data_connector.py:434: The 'predict_dataloader' does not have many workers which may be a bottleneck. Consider increasing the value of the `num_workers` argument` to `num_workers=31` in the `DataLoader` to improve performance.
Dropping last batch of size 1 to avoid issues with batch normalization     (dataset size = 513, batch_size = 64)
LOCAL_RANK: 0 - CUDA_VISIBLE_DEVICES: [0]
/home/nagaet/pxr-iduction-challenge/.pixi/envs/default/lib/python3.12/site-packages/lightning/pytorch/utilities/_pytree.py:21: `isinstance(treespec, LeafSpec)` is deprecated, use `isinstance(treespec, TreeSpec) and treespec.is_leaf()` instead.
/home/nagaet/pxr-iduction-challenge/.pixi/envs/default/lib/python3.12/site-packages/lightning/pytorch/trainer/connectors/data_connector.py:434: The 'predict_dataloader' does not have many workers which may be a bottleneck. Consider increasing the value of the `num_workers` argument` to `num_workers=31` in the `DataLoader` to improve performance.
GPU available: True (cuda), used: True
TPU available: False, using: 0 TPU cores
💡 Tip: For seamless cloud logging and experiment tracking, try installing [litlogger](https://pypi.org/project/litlogger/) to enable LitLogger, which logs metrics and artifacts automatically to the Lightning Experiments platform.
💡 Tip: For seamless cloud uploads and versioning, try installing [litmodels](https://pypi.org/project/litmodels/) to enable LitModelCheckpoint, which syncs automatically with the Lightning model registry.
/home/nagaet/pxr-iduction-challenge/.pixi/envs/default/lib/python3.12/site-packages/lightning/pytorch/callbacks/model_checkpoint.py:881: Checkpoint directory /home/nagaet/pxr-iduction-challenge/checkpoints exists and is not empty.
LOCAL_RANK: 0 - CUDA_VISIBLE_DEVICES: [0]
Loading `train_dataloader` to estimate number of stepping batches.
/home/nagaet/pxr-iduction-challenge/.pixi/envs/default/lib/python3.12/site-packages/lightning/pytorch/trainer/connectors/data_connector.py:434: The 'train_dataloader' does not have many workers which may be a bottleneck. Consider increasing the value of the `num_workers` argument` to `num_workers=31` in the `DataLoader` to improve performance.
/home/nagaet/pxr-iduction-challenge/.pixi/envs/default/lib/python3.12/site-packages/lightning/pytorch/trainer/connectors/data_connector.py:434: The 'val_dataloader' does not have many workers which may be a bottleneck. Consider increasing the value of the `num_workers` argument` to `num_workers=31` in the `DataLoader` to improve performance.
LOCAL_RANK: 0 - CUDA_VISIBLE_DEVICES: [0]
Dropping last batch of size 1 to avoid issues with batch normalization     (dataset size = 513, batch_size = 64)
LOCAL_RANK: 0 - CUDA_VISIBLE_DEVICES: [0]
GPU available: True (cuda), used: True
TPU available: False, using: 0 TPU cores
💡 Tip: For seamless cloud logging and experiment tracking, try installing [litlogger](https://pypi.org/project/litlogger/) to enable LitLogger, which logs metrics and artifacts automatically to the Lightning Experiments platform.
💡 Tip: For seamless cloud uploads and versioning, try installing [litmodels](https://pypi.org/project/litmodels/) to enable LitModelCheckpoint, which syncs automatically with the Lightning model registry.
LOCAL_RANK: 0 - CUDA_VISIBLE_DEVICES: [0]
Loading `train_dataloader` to estimate number of stepping batches.
LOCAL_RANK: 0 - CUDA_VISIBLE_DEVICES: [0]
Dropping last batch of size 1 to avoid issues with batch normalization     (dataset size = 513, batch_size = 64)
LOCAL_RANK: 0 - CUDA_VISIBLE_DEVICES: [0]
GPU available: True (cuda), used: True
TPU available: False, using: 0 TPU cores
💡 Tip: For seamless cloud logging and experiment tracking, try installing [litlogger](https://pypi.org/project/litlogger/) to enable LitLogger, which logs metrics and artifacts automatically to the Lightning Experiments platform.
💡 Tip: For seamless cloud uploads and versioning, try installing [litmodels](https://pypi.org/project/litmodels/) to enable LitModelCheckpoint, which syncs automatically with the Lightning model registry.
LOCAL_RANK: 0 - CUDA_VISIBLE_DEVICES: [0]
Loading `train_dataloader` to estimate number of stepping batches.
LOCAL_RANK: 0 - CUDA_VISIBLE_DEVICES: [0]
Dropping last batch of size 1 to avoid issues with batch normalization     (dataset size = 513, batch_size = 64)
LOCAL_RANK: 0 - CUDA_VISIBLE_DEVICES: [0]
GPU available: True (cuda), used: True
TPU available: False, using: 0 TPU cores
💡 Tip: For seamless cloud logging and experiment tracking, try installing [litlogger](https://pypi.org/project/litlogger/) to enable LitLogger, which logs metrics and artifacts automatically to the Lightning Experiments platform.
💡 Tip: For seamless cloud uploads and versioning, try installing [litmodels](https://pypi.org/project/litmodels/) to enable LitModelCheckpoint, which syncs automatically with the Lightning model registry.
LOCAL_RANK: 0 - CUDA_VISIBLE_DEVICES: [0]
Loading `train_dataloader` to estimate number of stepping batches.
LOCAL_RANK: 0 - CUDA_VISIBLE_DEVICES: [0]
Dropping last batch of size 1 to avoid issues with batch normalization     (dataset size = 513, batch_size = 64)
LOCAL_RANK: 0 - CUDA_VISIBLE_DEVICES: [0]
ChemProp fine-tune | split=umap | no_pretrain=False | freeze=True | max_epochs=200
  params: {'message_hidden_dim': 256, 'depth': 4, 'mp_dropout': 0.2, 'activation': 'relu', 'aggregation': 'norm', 'ffn_hidden_dim': 256, 'ffn_num_layers': 1, 'ffn_dropout': 0.1, 'warmup_epochs': 3, 'learning_rate': 0.0001364559692954765, 'lr_ratio': 10.0, 'batch_size': 64, 'max_epochs': 200, 'patience': 20}
  train: 4140, test: 513
  Experiment: chemprop_pretrain_finetune_frozen_umap

[Fold 0] train=3309, val=831
  Loaded encoder weights: {'loaded': 9, 'skipped_predictor': 7, 'missing_in_model': ['predictor.ffn.0.0.weight', 'predictor.ffn.0.0.bias', 'predictor.ffn.1.2.weight', 'predictor.ffn.1.2.bias', 'predictor.criterion.task_weights', 'metrics.0.task_weights', 'metrics.1.task_weights'], 'unexpected_in_ckpt': [], 'pretrain_val_loss': 0.36472949385643005}
  Frozen 4 encoder parameters
  [Fold 0] RAE=0.5499  MAE=0.4985  R2=0.6349  Spearman=0.7594  Kendall=0.5712

[Fold 1] train=3310, val=830
  [Fold 1] RAE=0.4666  MAE=0.4635  R2=0.7324  Spearman=0.8272  Kendall=0.6298

[Fold 2] train=3311, val=829
  [Fold 2] RAE=0.5497  MAE=0.4669  R2=0.6069  Spearman=0.7906  Kendall=0.6013

[Fold 3] train=3322, val=818
  [Fold 3] RAE=0.5690  MAE=0.4436  R2=0.6038  Spearman=0.7308  Kendall=0.5537

[Fold 4] train=3308, val=832
  [Fold 4] RAE=0.4817  MAE=0.4838  R2=0.6930  Spearman=0.8144  Kendall=0.6184

  Overall OOF:
  RAE=0.5180  MAE=0.4714  R2=0.6626  Spearman=0.7887  Kendall=0.5980

  Mean ± Std across folds:
    RAE: 0.5234 ± 0.0411
    MAE: 0.4713 ± 0.0187
    R2: 0.6542 ± 0.0505
    Spearman_R: 0.7845 ± 0.0354
    Kendall_Tau: 0.5949 ± 0.0285

  Test preds: mean=4.686, std=0.748
  Recorded experiment 'chemprop_pretrain_finetune_frozen_umap' (id=490)
  Saved submission: /home/nagaet/pxr-iduction-challenge/track1_activity/submissions/chemprop_pretrain_finetune_frozen_umap.csv

  Done: chemprop_pretrain_finetune_frozen_umap -> RAE=0.5180
