/home/nagaet/pxr-iduction-challenge/.pixi/envs/default/lib/python3.12/site-packages/umap/umap_.py:1887: UserWarning: gradient function is not yet implemented for jaccard distance metric; inverse_transform will be unavailable
  warn(
/home/nagaet/pxr-iduction-challenge/.pixi/envs/default/lib/python3.12/site-packages/umap/umap_.py:1952: UserWarning: n_jobs value 1 overridden to 1 by setting random_state. Use no seed for parallelism.
  warn(
Loading data...
Train rows: 4140, test rows: 513
Allow list: 9 models

Loaded 9 models with aligned OOF + test.
  chemprop_optuna_umap                             OOF RAE = 0.5724
  chemprop_chemeleon_umap                          OOF RAE = 0.6038
  attentivefp_optuna_umap                          OOF RAE = 0.5803
  gatedgcn_pretrain_finetune_frozen_umap           OOF RAE = 0.5580
  tabpfn_2d_full_boltz_umap                        OOF RAE = 0.5303
  lgbm_pooled_boltz_umap                           OOF RAE = 0.5622
  tabpfn_pooled_boltz_umap_default                 OOF RAE = 0.5342
  tabpfn_pooled_boltz_allpairs_umap_default        OOF RAE = 0.5341
  chemprop_pretrain_finetune_frozen_lowlr_umap     OOF RAE = 0.5014

Building UMAP folds for fold-based weight optimization...

======================================================================
  STRATEGY COMPARISON
======================================================================

  ens_simple_avg:
    OOF RAE=0.5005  MAE=0.4555  R2=0.6686  Spearman=0.7919
    Weights (9 significant):
      chemprop_optuna_umap                          0.1111
      chemprop_chemeleon_umap                       0.1111
      attentivefp_optuna_umap                       0.1111
      gatedgcn_pretrain_finetune_frozen_umap        0.1111
      tabpfn_2d_full_boltz_umap                     0.1111
      lgbm_pooled_boltz_umap                        0.1111
      tabpfn_pooled_boltz_umap_default              0.1111
      tabpfn_pooled_boltz_allpairs_umap_default     0.1111
      chemprop_pretrain_finetune_frozen_lowlr_umap  0.1111
  Recorded experiment 'ens_simple_avg' (id=548)

  ens_vanilla:
    OOF RAE=0.4828  MAE=0.4393  R2=0.6929  Spearman=0.8089
    Weights (5 significant):
      chemprop_pretrain_finetune_frozen_lowlr_umap  0.5407
      tabpfn_2d_full_boltz_umap                     0.1523
      tabpfn_pooled_boltz_umap_default              0.1343
      tabpfn_pooled_boltz_allpairs_umap_default     0.1093
      chemprop_optuna_umap                          0.0382
  Recorded experiment 'ens_vanilla' (id=549)

  ens_l2_a0.05:
    OOF RAE=0.4855  MAE=0.4418  R2=0.6885  Spearman=0.8063
    Weights (8 significant):
      chemprop_pretrain_finetune_frozen_lowlr_umap  0.3706
      tabpfn_2d_full_boltz_umap                     0.1338
      tabpfn_pooled_boltz_umap_default              0.1249
      tabpfn_pooled_boltz_allpairs_umap_default     0.1183
      gatedgcn_pretrain_finetune_frozen_umap        0.0797
      chemprop_optuna_umap                          0.0694
      chemprop_chemeleon_umap                       0.0591
      lgbm_pooled_boltz_umap                        0.0438
  Recorded experiment 'ens_l2_a0.05' (id=550)

  ens_l2_a0.1:
    OOF RAE=0.4888  MAE=0.4448  R2=0.6839  Spearman=0.8033
    Weights (9 significant):
      chemprop_pretrain_finetune_frozen_lowlr_umap  0.2925
      tabpfn_2d_full_boltz_umap                     0.1239
      tabpfn_pooled_boltz_umap_default              0.1143
      tabpfn_pooled_boltz_allpairs_umap_default     0.1131
      gatedgcn_pretrain_finetune_frozen_umap        0.0959
      chemprop_optuna_umap                          0.0824
      chemprop_chemeleon_umap                       0.0734
      lgbm_pooled_boltz_umap                        0.0694
      attentivefp_optuna_umap                       0.0350
  Recorded experiment 'ens_l2_a0.1' (id=551)

  ens_l2_a0.3:
    OOF RAE=0.4944  MAE=0.4499  R2=0.6766  Spearman=0.7980
    Weights (9 significant):
      chemprop_pretrain_finetune_frozen_lowlr_umap  0.1962
      tabpfn_2d_full_boltz_umap                     0.1150
      tabpfn_pooled_boltz_allpairs_umap_default     0.1133
      tabpfn_pooled_boltz_umap_default              0.1112
      gatedgcn_pretrain_finetune_frozen_umap        0.1102
      chemprop_optuna_umap                          0.0945
      chemprop_chemeleon_umap                       0.0927
      lgbm_pooled_boltz_umap                        0.0906
      attentivefp_optuna_umap                       0.0762
  Recorded experiment 'ens_l2_a0.3' (id=552)

  ens_l2_a0.5:
    OOF RAE=0.4966  MAE=0.4518  R2=0.6738  Spearman=0.7960
    Weights (9 significant):
      chemprop_pretrain_finetune_frozen_lowlr_umap  0.1647
      tabpfn_2d_full_boltz_umap                     0.1132
      tabpfn_pooled_boltz_allpairs_umap_default     0.1125
      gatedgcn_pretrain_finetune_frozen_umap        0.1111
      tabpfn_pooled_boltz_umap_default              0.1111
      chemprop_optuna_umap                          0.1013
      chemprop_chemeleon_umap                       0.0984
      lgbm_pooled_boltz_umap                        0.0981
      attentivefp_optuna_umap                       0.0897
  Recorded experiment 'ens_l2_a0.5' (id=553)

  ens_fold:
    OOF RAE=0.4833  MAE=0.4397  R2=0.6922  Spearman=0.8088
    Weights (8 significant):
      chemprop_pretrain_finetune_frozen_lowlr_umap  0.4999
      tabpfn_2d_full_boltz_umap                     0.1317
      tabpfn_pooled_boltz_allpairs_umap_default     0.1140
      tabpfn_pooled_boltz_umap_default              0.0857
      gatedgcn_pretrain_finetune_frozen_umap        0.0554
      chemprop_optuna_umap                          0.0499
      lgbm_pooled_boltz_umap                        0.0349
      chemprop_chemeleon_umap                       0.0284
  Recorded experiment 'ens_fold' (id=554)

  ens_fold_l2_a0.1:
    OOF RAE=0.4888  MAE=0.4447  R2=0.6840  Spearman=0.8034
    Weights (9 significant):
      chemprop_pretrain_finetune_frozen_lowlr_umap  0.2924
      tabpfn_2d_full_boltz_umap                     0.1248
      tabpfn_pooled_boltz_umap_default              0.1204
      tabpfn_pooled_boltz_allpairs_umap_default     0.1143
      gatedgcn_pretrain_finetune_frozen_umap        0.0971
      chemprop_optuna_umap                          0.0777
      chemprop_chemeleon_umap                       0.0732
      lgbm_pooled_boltz_umap                        0.0684
      attentivefp_optuna_umap                       0.0318
  Recorded experiment 'ens_fold_l2_a0.1' (id=555)

  ens_fold_l2_a0.3:
    OOF RAE=0.4943  MAE=0.4498  R2=0.6767  Spearman=0.7981
    Weights (9 significant):
      chemprop_pretrain_finetune_frozen_lowlr_umap  0.1979
      tabpfn_2d_full_boltz_umap                     0.1144
      tabpfn_pooled_boltz_allpairs_umap_default     0.1134
      tabpfn_pooled_boltz_umap_default              0.1120
      gatedgcn_pretrain_finetune_frozen_umap        0.1092
      chemprop_optuna_umap                          0.0945
      chemprop_chemeleon_umap                       0.0928
      lgbm_pooled_boltz_umap                        0.0907
      attentivefp_optuna_umap                       0.0751
  Recorded experiment 'ens_fold_l2_a0.3' (id=556)

  ens_caruana_bag20:
    OOF RAE=0.4922  MAE=0.4479  R2=0.6793  Spearman=0.7998
    Weights (9 significant):
      chemprop_pretrain_finetune_frozen_lowlr_umap  0.2121
      tabpfn_pooled_boltz_allpairs_umap_default     0.1874
      tabpfn_2d_full_boltz_umap                     0.1573
      gatedgcn_pretrain_finetune_frozen_umap        0.1121
      chemprop_chemeleon_umap                       0.0796
      tabpfn_pooled_boltz_umap_default              0.0786
      chemprop_optuna_umap                          0.0772
      lgbm_pooled_boltz_umap                        0.0670
      attentivefp_optuna_umap                       0.0286
  Recorded experiment 'ens_caruana_bag20' (id=557)

======================================================================
  SUMMARY
======================================================================
  Strategy                    OOF RAE   OOF MAE    OOF R2   Spearman
  ------------------------------------------------------------------
  vanilla                      0.4828    0.4393    0.6929     0.8089
  fold                         0.4833    0.4397    0.6922     0.8088
  l2_a0.05                     0.4855    0.4418    0.6885     0.8063
  fold_l2_a0.1                 0.4888    0.4447    0.6840     0.8034
  l2_a0.1                      0.4888    0.4448    0.6839     0.8033
  caruana_bag20                0.4922    0.4479    0.6793     0.7998
  fold_l2_a0.3                 0.4943    0.4498    0.6767     0.7981
  l2_a0.3                      0.4944    0.4499    0.6766     0.7980
  l2_a0.5                      0.4966    0.4518    0.6738     0.7960
  simple_avg                   0.5005    0.4555    0.6686     0.7919

  Best (by OOF RAE): vanilla = 0.4828
  LB RAE reference: 0.62 (ens_v7, 2026-04-07 snapshot — update after next submission)

  Remember: lower OOF RAE may not translate to better LB if the optimizer overfits weights.
