/home/nagaet/pxr-iduction-challenge/.pixi/envs/default/lib/python3.12/site-packages/umap/umap_.py:1887: UserWarning: gradient function is not yet implemented for jaccard distance metric; inverse_transform will be unavailable
  warn(
/home/nagaet/pxr-iduction-challenge/.pixi/envs/default/lib/python3.12/site-packages/umap/umap_.py:1952: UserWarning: n_jobs value 1 overridden to 1 by setting random_state. Use no seed for parallelism.
  warn(
GPU available: True (cuda), used: True
TPU available: False, using: 0 TPU cores
💡 Tip: For seamless cloud logging and experiment tracking, try installing [litlogger](https://pypi.org/project/litlogger/) to enable LitLogger, which logs metrics and artifacts automatically to the Lightning Experiments platform.
💡 Tip: For seamless cloud uploads and versioning, try installing [litmodels](https://pypi.org/project/litmodels/) to enable LitModelCheckpoint, which syncs automatically with the Lightning model registry.
/home/nagaet/pxr-iduction-challenge/.pixi/envs/default/lib/python3.12/site-packages/lightning/pytorch/callbacks/model_checkpoint.py:881: Checkpoint directory /home/nagaet/pxr-iduction-challenge/checkpoints exists and is not empty.
LOCAL_RANK: 0 - CUDA_VISIBLE_DEVICES: [0]
Loading `train_dataloader` to estimate number of stepping batches.
/home/nagaet/pxr-iduction-challenge/.pixi/envs/default/lib/python3.12/site-packages/lightning/pytorch/utilities/_pytree.py:21: `isinstance(treespec, LeafSpec)` is deprecated, use `isinstance(treespec, TreeSpec) and treespec.is_leaf()` instead.
/home/nagaet/pxr-iduction-challenge/.pixi/envs/default/lib/python3.12/site-packages/lightning/pytorch/trainer/connectors/data_connector.py:434: The 'train_dataloader' does not have many workers which may be a bottleneck. Consider increasing the value of the `num_workers` argument` to `num_workers=31` in the `DataLoader` to improve performance.
/home/nagaet/pxr-iduction-challenge/.pixi/envs/default/lib/python3.12/site-packages/lightning/pytorch/trainer/connectors/data_connector.py:434: The 'val_dataloader' does not have many workers which may be a bottleneck. Consider increasing the value of the `num_workers` argument` to `num_workers=31` in the `DataLoader` to improve performance.
LOCAL_RANK: 0 - CUDA_VISIBLE_DEVICES: [0]
/home/nagaet/pxr-iduction-challenge/.pixi/envs/default/lib/python3.12/site-packages/lightning/pytorch/trainer/connectors/data_connector.py:434: The 'predict_dataloader' does not have many workers which may be a bottleneck. Consider increasing the value of the `num_workers` argument` to `num_workers=31` in the `DataLoader` to improve performance.
Dropping last batch of size 1 to avoid issues with batch normalization     (dataset size = 513, batch_size = 64)
LOCAL_RANK: 0 - CUDA_VISIBLE_DEVICES: [0]
/home/nagaet/pxr-iduction-challenge/.pixi/envs/default/lib/python3.12/site-packages/lightning/pytorch/utilities/_pytree.py:21: `isinstance(treespec, LeafSpec)` is deprecated, use `isinstance(treespec, TreeSpec) and treespec.is_leaf()` instead.
/home/nagaet/pxr-iduction-challenge/.pixi/envs/default/lib/python3.12/site-packages/lightning/pytorch/trainer/connectors/data_connector.py:434: The 'predict_dataloader' does not have many workers which may be a bottleneck. Consider increasing the value of the `num_workers` argument` to `num_workers=31` in the `DataLoader` to improve performance.
GPU available: True (cuda), used: True
TPU available: False, using: 0 TPU cores
💡 Tip: For seamless cloud logging and experiment tracking, try installing [litlogger](https://pypi.org/project/litlogger/) to enable LitLogger, which logs metrics and artifacts automatically to the Lightning Experiments platform.
💡 Tip: For seamless cloud uploads and versioning, try installing [litmodels](https://pypi.org/project/litmodels/) to enable LitModelCheckpoint, which syncs automatically with the Lightning model registry.
/home/nagaet/pxr-iduction-challenge/.pixi/envs/default/lib/python3.12/site-packages/lightning/pytorch/callbacks/model_checkpoint.py:881: Checkpoint directory /home/nagaet/pxr-iduction-challenge/checkpoints exists and is not empty.
LOCAL_RANK: 0 - CUDA_VISIBLE_DEVICES: [0]
Loading `train_dataloader` to estimate number of stepping batches.
/home/nagaet/pxr-iduction-challenge/.pixi/envs/default/lib/python3.12/site-packages/lightning/pytorch/trainer/connectors/data_connector.py:434: The 'train_dataloader' does not have many workers which may be a bottleneck. Consider increasing the value of the `num_workers` argument` to `num_workers=31` in the `DataLoader` to improve performance.
/home/nagaet/pxr-iduction-challenge/.pixi/envs/default/lib/python3.12/site-packages/lightning/pytorch/trainer/connectors/data_connector.py:434: The 'val_dataloader' does not have many workers which may be a bottleneck. Consider increasing the value of the `num_workers` argument` to `num_workers=31` in the `DataLoader` to improve performance.
LOCAL_RANK: 0 - CUDA_VISIBLE_DEVICES: [0]
Dropping last batch of size 1 to avoid issues with batch normalization     (dataset size = 513, batch_size = 64)
LOCAL_RANK: 0 - CUDA_VISIBLE_DEVICES: [0]
GPU available: True (cuda), used: True
TPU available: False, using: 0 TPU cores
💡 Tip: For seamless cloud logging and experiment tracking, try installing [litlogger](https://pypi.org/project/litlogger/) to enable LitLogger, which logs metrics and artifacts automatically to the Lightning Experiments platform.
💡 Tip: For seamless cloud uploads and versioning, try installing [litmodels](https://pypi.org/project/litmodels/) to enable LitModelCheckpoint, which syncs automatically with the Lightning model registry.
LOCAL_RANK: 0 - CUDA_VISIBLE_DEVICES: [0]
Loading `train_dataloader` to estimate number of stepping batches.
LOCAL_RANK: 0 - CUDA_VISIBLE_DEVICES: [0]
Dropping last batch of size 1 to avoid issues with batch normalization     (dataset size = 513, batch_size = 64)
LOCAL_RANK: 0 - CUDA_VISIBLE_DEVICES: [0]
GPU available: True (cuda), used: True
TPU available: False, using: 0 TPU cores
💡 Tip: For seamless cloud logging and experiment tracking, try installing [litlogger](https://pypi.org/project/litlogger/) to enable LitLogger, which logs metrics and artifacts automatically to the Lightning Experiments platform.
💡 Tip: For seamless cloud uploads and versioning, try installing [litmodels](https://pypi.org/project/litmodels/) to enable LitModelCheckpoint, which syncs automatically with the Lightning model registry.
LOCAL_RANK: 0 - CUDA_VISIBLE_DEVICES: [0]
Loading `train_dataloader` to estimate number of stepping batches.
LOCAL_RANK: 0 - CUDA_VISIBLE_DEVICES: [0]
Dropping last batch of size 1 to avoid issues with batch normalization     (dataset size = 513, batch_size = 64)
LOCAL_RANK: 0 - CUDA_VISIBLE_DEVICES: [0]
GPU available: True (cuda), used: True
TPU available: False, using: 0 TPU cores
💡 Tip: For seamless cloud logging and experiment tracking, try installing [litlogger](https://pypi.org/project/litlogger/) to enable LitLogger, which logs metrics and artifacts automatically to the Lightning Experiments platform.
💡 Tip: For seamless cloud uploads and versioning, try installing [litmodels](https://pypi.org/project/litmodels/) to enable LitModelCheckpoint, which syncs automatically with the Lightning model registry.
LOCAL_RANK: 0 - CUDA_VISIBLE_DEVICES: [0]
Loading `train_dataloader` to estimate number of stepping batches.
LOCAL_RANK: 0 - CUDA_VISIBLE_DEVICES: [0]
Dropping last batch of size 1 to avoid issues with batch normalization     (dataset size = 513, batch_size = 64)
LOCAL_RANK: 0 - CUDA_VISIBLE_DEVICES: [0]
ChemProp fine-tune | split=umap | no_pretrain=False | freeze=True | max_epochs=200
  params: {'message_hidden_dim': 256, 'depth': 4, 'mp_dropout': 0.2, 'activation': 'relu', 'aggregation': 'norm', 'ffn_hidden_dim': 256, 'ffn_num_layers': 1, 'ffn_dropout': 0.1, 'warmup_epochs': 0, 'learning_rate': 0.001, 'lr_ratio': 10.0, 'batch_size': 64, 'max_epochs': 200, 'patience': 30}
  train: 4140, test: 513
  Experiment: chemprop_pretrain_finetune_frozen_aggrlr_umap

[Fold 0] train=3309, val=831
  Loaded encoder weights: {'loaded': 9, 'skipped_predictor': 7, 'missing_in_model': ['predictor.ffn.0.0.weight', 'predictor.ffn.0.0.bias', 'predictor.ffn.1.2.weight', 'predictor.ffn.1.2.bias', 'predictor.criterion.task_weights', 'metrics.0.task_weights', 'metrics.1.task_weights'], 'unexpected_in_ckpt': [], 'pretrain_val_loss': 0.36472949385643005}
  Frozen 4 encoder parameters
  [Fold 0] RAE=0.5821  MAE=0.5277  R2=0.5816  Spearman=0.7502  Kendall=0.5616

[Fold 1] train=3310, val=830
  [Fold 1] RAE=0.4994  MAE=0.4961  R2=0.6857  Spearman=0.7971  Kendall=0.5959

[Fold 2] train=3311, val=829
  [Fold 2] RAE=0.5503  MAE=0.4674  R2=0.5998  Spearman=0.7844  Kendall=0.5985

[Fold 3] train=3322, val=818
  [Fold 3] RAE=0.5780  MAE=0.4506  R2=0.5692  Spearman=0.7222  Kendall=0.5444

[Fold 4] train=3308, val=832
  [Fold 4] RAE=0.4878  MAE=0.4899  R2=0.6748  Spearman=0.8001  Kendall=0.6011

  Overall OOF:
  RAE=0.5346  MAE=0.4864  R2=0.6301  Spearman=0.7696  Kendall=0.5782

  Mean ± Std across folds:
    RAE: 0.5395 ± 0.0392
    MAE: 0.4863 ± 0.0263
    R2: 0.6222 ± 0.0485
    Spearman_R: 0.7708 ± 0.0301
    Kendall_Tau: 0.5803 ± 0.0230

  Test preds: mean=4.779, std=0.704
  Recorded experiment 'chemprop_pretrain_finetune_frozen_aggrlr_umap' (id=525)
  Saved submission: /home/nagaet/pxr-iduction-challenge/track1_activity/submissions/chemprop_pretrain_finetune_frozen_aggrlr_umap.csv

  Done: chemprop_pretrain_finetune_frozen_aggrlr_umap -> RAE=0.5346
