/home/nagaet/pxr-iduction-challenge/.pixi/envs/default/lib/python3.12/site-packages/umap/umap_.py:1887: UserWarning: gradient function is not yet implemented for jaccard distance metric; inverse_transform will be unavailable
  warn(
/home/nagaet/pxr-iduction-challenge/.pixi/envs/default/lib/python3.12/site-packages/umap/umap_.py:1952: UserWarning: n_jobs value 1 overridden to 1 by setting random_state. Use no seed for parallelism.
  warn(
GPU available: True (cuda), used: True
TPU available: False, using: 0 TPU cores
💡 Tip: For seamless cloud logging and experiment tracking, try installing [litlogger](https://pypi.org/project/litlogger/) to enable LitLogger, which logs metrics and artifacts automatically to the Lightning Experiments platform.
💡 Tip: For seamless cloud uploads and versioning, try installing [litmodels](https://pypi.org/project/litmodels/) to enable LitModelCheckpoint, which syncs automatically with the Lightning model registry.
/home/nagaet/pxr-iduction-challenge/.pixi/envs/default/lib/python3.12/site-packages/lightning/pytorch/callbacks/model_checkpoint.py:881: Checkpoint directory /home/nagaet/pxr-iduction-challenge/checkpoints exists and is not empty.
LOCAL_RANK: 0 - CUDA_VISIBLE_DEVICES: [0]
Loading `train_dataloader` to estimate number of stepping batches.
/home/nagaet/pxr-iduction-challenge/.pixi/envs/default/lib/python3.12/site-packages/lightning/pytorch/utilities/_pytree.py:21: `isinstance(treespec, LeafSpec)` is deprecated, use `isinstance(treespec, TreeSpec) and treespec.is_leaf()` instead.
/home/nagaet/pxr-iduction-challenge/.pixi/envs/default/lib/python3.12/site-packages/lightning/pytorch/trainer/connectors/data_connector.py:434: The 'train_dataloader' does not have many workers which may be a bottleneck. Consider increasing the value of the `num_workers` argument` to `num_workers=31` in the `DataLoader` to improve performance.
/home/nagaet/pxr-iduction-challenge/.pixi/envs/default/lib/python3.12/site-packages/lightning/pytorch/trainer/connectors/data_connector.py:434: The 'val_dataloader' does not have many workers which may be a bottleneck. Consider increasing the value of the `num_workers` argument` to `num_workers=31` in the `DataLoader` to improve performance.
`Trainer.fit` stopped: `max_epochs=200` reached.
LOCAL_RANK: 0 - CUDA_VISIBLE_DEVICES: [0]
/home/nagaet/pxr-iduction-challenge/.pixi/envs/default/lib/python3.12/site-packages/lightning/pytorch/trainer/connectors/data_connector.py:434: The 'predict_dataloader' does not have many workers which may be a bottleneck. Consider increasing the value of the `num_workers` argument` to `num_workers=31` in the `DataLoader` to improve performance.
Dropping last batch of size 1 to avoid issues with batch normalization     (dataset size = 513, batch_size = 64)
LOCAL_RANK: 0 - CUDA_VISIBLE_DEVICES: [0]
/home/nagaet/pxr-iduction-challenge/.pixi/envs/default/lib/python3.12/site-packages/lightning/pytorch/utilities/_pytree.py:21: `isinstance(treespec, LeafSpec)` is deprecated, use `isinstance(treespec, TreeSpec) and treespec.is_leaf()` instead.
/home/nagaet/pxr-iduction-challenge/.pixi/envs/default/lib/python3.12/site-packages/lightning/pytorch/trainer/connectors/data_connector.py:434: The 'predict_dataloader' does not have many workers which may be a bottleneck. Consider increasing the value of the `num_workers` argument` to `num_workers=31` in the `DataLoader` to improve performance.
GPU available: True (cuda), used: True
TPU available: False, using: 0 TPU cores
💡 Tip: For seamless cloud logging and experiment tracking, try installing [litlogger](https://pypi.org/project/litlogger/) to enable LitLogger, which logs metrics and artifacts automatically to the Lightning Experiments platform.
💡 Tip: For seamless cloud uploads and versioning, try installing [litmodels](https://pypi.org/project/litmodels/) to enable LitModelCheckpoint, which syncs automatically with the Lightning model registry.
/home/nagaet/pxr-iduction-challenge/.pixi/envs/default/lib/python3.12/site-packages/lightning/pytorch/callbacks/model_checkpoint.py:881: Checkpoint directory /home/nagaet/pxr-iduction-challenge/checkpoints exists and is not empty.
LOCAL_RANK: 0 - CUDA_VISIBLE_DEVICES: [0]
Loading `train_dataloader` to estimate number of stepping batches.
/home/nagaet/pxr-iduction-challenge/.pixi/envs/default/lib/python3.12/site-packages/lightning/pytorch/trainer/connectors/data_connector.py:434: The 'train_dataloader' does not have many workers which may be a bottleneck. Consider increasing the value of the `num_workers` argument` to `num_workers=31` in the `DataLoader` to improve performance.
/home/nagaet/pxr-iduction-challenge/.pixi/envs/default/lib/python3.12/site-packages/lightning/pytorch/trainer/connectors/data_connector.py:434: The 'val_dataloader' does not have many workers which may be a bottleneck. Consider increasing the value of the `num_workers` argument` to `num_workers=31` in the `DataLoader` to improve performance.
`Trainer.fit` stopped: `max_epochs=200` reached.
LOCAL_RANK: 0 - CUDA_VISIBLE_DEVICES: [0]
Dropping last batch of size 1 to avoid issues with batch normalization     (dataset size = 513, batch_size = 64)
LOCAL_RANK: 0 - CUDA_VISIBLE_DEVICES: [0]
GPU available: True (cuda), used: True
TPU available: False, using: 0 TPU cores
💡 Tip: For seamless cloud logging and experiment tracking, try installing [litlogger](https://pypi.org/project/litlogger/) to enable LitLogger, which logs metrics and artifacts automatically to the Lightning Experiments platform.
💡 Tip: For seamless cloud uploads and versioning, try installing [litmodels](https://pypi.org/project/litmodels/) to enable LitModelCheckpoint, which syncs automatically with the Lightning model registry.
LOCAL_RANK: 0 - CUDA_VISIBLE_DEVICES: [0]
Loading `train_dataloader` to estimate number of stepping batches.
`Trainer.fit` stopped: `max_epochs=200` reached.
LOCAL_RANK: 0 - CUDA_VISIBLE_DEVICES: [0]
Dropping last batch of size 1 to avoid issues with batch normalization     (dataset size = 513, batch_size = 64)
LOCAL_RANK: 0 - CUDA_VISIBLE_DEVICES: [0]
GPU available: True (cuda), used: True
TPU available: False, using: 0 TPU cores
💡 Tip: For seamless cloud logging and experiment tracking, try installing [litlogger](https://pypi.org/project/litlogger/) to enable LitLogger, which logs metrics and artifacts automatically to the Lightning Experiments platform.
💡 Tip: For seamless cloud uploads and versioning, try installing [litmodels](https://pypi.org/project/litmodels/) to enable LitModelCheckpoint, which syncs automatically with the Lightning model registry.
LOCAL_RANK: 0 - CUDA_VISIBLE_DEVICES: [0]
Loading `train_dataloader` to estimate number of stepping batches.
`Trainer.fit` stopped: `max_epochs=200` reached.
LOCAL_RANK: 0 - CUDA_VISIBLE_DEVICES: [0]
Dropping last batch of size 1 to avoid issues with batch normalization     (dataset size = 513, batch_size = 64)
LOCAL_RANK: 0 - CUDA_VISIBLE_DEVICES: [0]
GPU available: True (cuda), used: True
TPU available: False, using: 0 TPU cores
💡 Tip: For seamless cloud logging and experiment tracking, try installing [litlogger](https://pypi.org/project/litlogger/) to enable LitLogger, which logs metrics and artifacts automatically to the Lightning Experiments platform.
💡 Tip: For seamless cloud uploads and versioning, try installing [litmodels](https://pypi.org/project/litmodels/) to enable LitModelCheckpoint, which syncs automatically with the Lightning model registry.
LOCAL_RANK: 0 - CUDA_VISIBLE_DEVICES: [0]
Loading `train_dataloader` to estimate number of stepping batches.
`Trainer.fit` stopped: `max_epochs=200` reached.
LOCAL_RANK: 0 - CUDA_VISIBLE_DEVICES: [0]
Dropping last batch of size 1 to avoid issues with batch normalization     (dataset size = 513, batch_size = 64)
LOCAL_RANK: 0 - CUDA_VISIBLE_DEVICES: [0]
ChemProp fine-tune | split=umap | no_pretrain=False | freeze=True | max_epochs=200
  params: {'message_hidden_dim': 256, 'depth': 4, 'mp_dropout': 0.2, 'activation': 'relu', 'aggregation': 'norm', 'ffn_hidden_dim': 256, 'ffn_num_layers': 1, 'ffn_dropout': 0.1, 'warmup_epochs': 0, 'learning_rate': 1e-05, 'lr_ratio': 10.0, 'batch_size': 64, 'max_epochs': 200, 'patience': 50}
  train: 4140, test: 513
  Experiment: chemprop_pretrain_finetune_frozen_ultrlowlr_umap

[Fold 0] train=3309, val=831
  Loaded encoder weights: {'loaded': 9, 'skipped_predictor': 7, 'missing_in_model': ['predictor.ffn.0.0.weight', 'predictor.ffn.0.0.bias', 'predictor.ffn.1.2.weight', 'predictor.ffn.1.2.bias', 'predictor.criterion.task_weights', 'metrics.0.task_weights', 'metrics.1.task_weights'], 'unexpected_in_ckpt': [], 'pretrain_val_loss': 0.36472949385643005}
  Frozen 4 encoder parameters
  [Fold 0] RAE=0.5682  MAE=0.5151  R2=0.6137  Spearman=0.7542  Kendall=0.5629

[Fold 1] train=3310, val=830
  [Fold 1] RAE=0.4757  MAE=0.4726  R2=0.7162  Spearman=0.8330  Kendall=0.6362

[Fold 2] train=3311, val=829
  [Fold 2] RAE=0.5651  MAE=0.4799  R2=0.5887  Spearman=0.7850  Kendall=0.5979

[Fold 3] train=3322, val=818
  [Fold 3] RAE=0.5700  MAE=0.4444  R2=0.6048  Spearman=0.7344  Kendall=0.5548

[Fold 4] train=3308, val=832
  [Fold 4] RAE=0.4903  MAE=0.4925  R2=0.6706  Spearman=0.7961  Kendall=0.5992

  Overall OOF:
  RAE=0.5286  MAE=0.4810  R2=0.6464  Spearman=0.7837  Kendall=0.5914

  Mean ± Std across folds:
    RAE: 0.5339 ± 0.0418
    MAE: 0.4809 ± 0.0233
    R2: 0.6388 ± 0.0475
    Spearman_R: 0.7805 ± 0.0342
    Kendall_Tau: 0.5902 ± 0.0292

  Test preds: mean=4.681, std=0.726
  Recorded experiment 'chemprop_pretrain_finetune_frozen_ultrlowlr_umap' (id=526)
  Saved submission: /home/nagaet/pxr-iduction-challenge/track1_activity/submissions/chemprop_pretrain_finetune_frozen_ultrlowlr_umap.csv

  Done: chemprop_pretrain_finetune_frozen_ultrlowlr_umap -> RAE=0.5286
