/home/nagaet/pxr-iduction-challenge/.pixi/envs/default/lib/python3.12/site-packages/umap/umap_.py:1887: UserWarning: gradient function is not yet implemented for jaccard distance metric; inverse_transform will be unavailable
  warn(
/home/nagaet/pxr-iduction-challenge/.pixi/envs/default/lib/python3.12/site-packages/umap/umap_.py:1952: UserWarning: n_jobs value 1 overridden to 1 by setting random_state. Use no seed for parallelism.
  warn(
GPU available: True (cuda), used: True
TPU available: False, using: 0 TPU cores
💡 Tip: For seamless cloud logging and experiment tracking, try installing [litlogger](https://pypi.org/project/litlogger/) to enable LitLogger, which logs metrics and artifacts automatically to the Lightning Experiments platform.
💡 Tip: For seamless cloud uploads and versioning, try installing [litmodels](https://pypi.org/project/litmodels/) to enable LitModelCheckpoint, which syncs automatically with the Lightning model registry.
/home/nagaet/pxr-iduction-challenge/.pixi/envs/default/lib/python3.12/site-packages/lightning/pytorch/callbacks/model_checkpoint.py:881: Checkpoint directory /home/nagaet/pxr-iduction-challenge/checkpoints exists and is not empty.
LOCAL_RANK: 0 - CUDA_VISIBLE_DEVICES: [0]
Loading `train_dataloader` to estimate number of stepping batches.
/home/nagaet/pxr-iduction-challenge/.pixi/envs/default/lib/python3.12/site-packages/lightning/pytorch/utilities/_pytree.py:21: `isinstance(treespec, LeafSpec)` is deprecated, use `isinstance(treespec, TreeSpec) and treespec.is_leaf()` instead.
/home/nagaet/pxr-iduction-challenge/.pixi/envs/default/lib/python3.12/site-packages/lightning/pytorch/trainer/connectors/data_connector.py:434: The 'train_dataloader' does not have many workers which may be a bottleneck. Consider increasing the value of the `num_workers` argument` to `num_workers=31` in the `DataLoader` to improve performance.
/home/nagaet/pxr-iduction-challenge/.pixi/envs/default/lib/python3.12/site-packages/lightning/pytorch/trainer/connectors/data_connector.py:434: The 'val_dataloader' does not have many workers which may be a bottleneck. Consider increasing the value of the `num_workers` argument` to `num_workers=31` in the `DataLoader` to improve performance.
LOCAL_RANK: 0 - CUDA_VISIBLE_DEVICES: [0]
/home/nagaet/pxr-iduction-challenge/.pixi/envs/default/lib/python3.12/site-packages/lightning/pytorch/trainer/connectors/data_connector.py:434: The 'predict_dataloader' does not have many workers which may be a bottleneck. Consider increasing the value of the `num_workers` argument` to `num_workers=31` in the `DataLoader` to improve performance.
Dropping last batch of size 1 to avoid issues with batch normalization     (dataset size = 513, batch_size = 64)
LOCAL_RANK: 0 - CUDA_VISIBLE_DEVICES: [0]
/home/nagaet/pxr-iduction-challenge/.pixi/envs/default/lib/python3.12/site-packages/lightning/pytorch/utilities/_pytree.py:21: `isinstance(treespec, LeafSpec)` is deprecated, use `isinstance(treespec, TreeSpec) and treespec.is_leaf()` instead.
/home/nagaet/pxr-iduction-challenge/.pixi/envs/default/lib/python3.12/site-packages/lightning/pytorch/trainer/connectors/data_connector.py:434: The 'predict_dataloader' does not have many workers which may be a bottleneck. Consider increasing the value of the `num_workers` argument` to `num_workers=31` in the `DataLoader` to improve performance.
GPU available: True (cuda), used: True
TPU available: False, using: 0 TPU cores
💡 Tip: For seamless cloud logging and experiment tracking, try installing [litlogger](https://pypi.org/project/litlogger/) to enable LitLogger, which logs metrics and artifacts automatically to the Lightning Experiments platform.
💡 Tip: For seamless cloud uploads and versioning, try installing [litmodels](https://pypi.org/project/litmodels/) to enable LitModelCheckpoint, which syncs automatically with the Lightning model registry.
/home/nagaet/pxr-iduction-challenge/.pixi/envs/default/lib/python3.12/site-packages/lightning/pytorch/callbacks/model_checkpoint.py:881: Checkpoint directory /home/nagaet/pxr-iduction-challenge/checkpoints exists and is not empty.
LOCAL_RANK: 0 - CUDA_VISIBLE_DEVICES: [0]
Loading `train_dataloader` to estimate number of stepping batches.
/home/nagaet/pxr-iduction-challenge/.pixi/envs/default/lib/python3.12/site-packages/lightning/pytorch/trainer/connectors/data_connector.py:434: The 'train_dataloader' does not have many workers which may be a bottleneck. Consider increasing the value of the `num_workers` argument` to `num_workers=31` in the `DataLoader` to improve performance.
/home/nagaet/pxr-iduction-challenge/.pixi/envs/default/lib/python3.12/site-packages/lightning/pytorch/trainer/connectors/data_connector.py:434: The 'val_dataloader' does not have many workers which may be a bottleneck. Consider increasing the value of the `num_workers` argument` to `num_workers=31` in the `DataLoader` to improve performance.
LOCAL_RANK: 0 - CUDA_VISIBLE_DEVICES: [0]
Dropping last batch of size 1 to avoid issues with batch normalization     (dataset size = 513, batch_size = 64)
LOCAL_RANK: 0 - CUDA_VISIBLE_DEVICES: [0]
GPU available: True (cuda), used: True
TPU available: False, using: 0 TPU cores
💡 Tip: For seamless cloud logging and experiment tracking, try installing [litlogger](https://pypi.org/project/litlogger/) to enable LitLogger, which logs metrics and artifacts automatically to the Lightning Experiments platform.
💡 Tip: For seamless cloud uploads and versioning, try installing [litmodels](https://pypi.org/project/litmodels/) to enable LitModelCheckpoint, which syncs automatically with the Lightning model registry.
LOCAL_RANK: 0 - CUDA_VISIBLE_DEVICES: [0]
Loading `train_dataloader` to estimate number of stepping batches.
LOCAL_RANK: 0 - CUDA_VISIBLE_DEVICES: [0]
Dropping last batch of size 1 to avoid issues with batch normalization     (dataset size = 513, batch_size = 64)
LOCAL_RANK: 0 - CUDA_VISIBLE_DEVICES: [0]
GPU available: True (cuda), used: True
TPU available: False, using: 0 TPU cores
💡 Tip: For seamless cloud logging and experiment tracking, try installing [litlogger](https://pypi.org/project/litlogger/) to enable LitLogger, which logs metrics and artifacts automatically to the Lightning Experiments platform.
💡 Tip: For seamless cloud uploads and versioning, try installing [litmodels](https://pypi.org/project/litmodels/) to enable LitModelCheckpoint, which syncs automatically with the Lightning model registry.
LOCAL_RANK: 0 - CUDA_VISIBLE_DEVICES: [0]
Loading `train_dataloader` to estimate number of stepping batches.
LOCAL_RANK: 0 - CUDA_VISIBLE_DEVICES: [0]
Dropping last batch of size 1 to avoid issues with batch normalization     (dataset size = 513, batch_size = 64)
LOCAL_RANK: 0 - CUDA_VISIBLE_DEVICES: [0]
GPU available: True (cuda), used: True
TPU available: False, using: 0 TPU cores
💡 Tip: For seamless cloud logging and experiment tracking, try installing [litlogger](https://pypi.org/project/litlogger/) to enable LitLogger, which logs metrics and artifacts automatically to the Lightning Experiments platform.
💡 Tip: For seamless cloud uploads and versioning, try installing [litmodels](https://pypi.org/project/litmodels/) to enable LitModelCheckpoint, which syncs automatically with the Lightning model registry.
LOCAL_RANK: 0 - CUDA_VISIBLE_DEVICES: [0]
Loading `train_dataloader` to estimate number of stepping batches.
LOCAL_RANK: 0 - CUDA_VISIBLE_DEVICES: [0]
Dropping last batch of size 1 to avoid issues with batch normalization     (dataset size = 513, batch_size = 64)
LOCAL_RANK: 0 - CUDA_VISIBLE_DEVICES: [0]
ChemProp fine-tune | split=umap | no_pretrain=True | freeze=False | max_epochs=200
  params: {'message_hidden_dim': 256, 'depth': 4, 'mp_dropout': 0.2, 'activation': 'relu', 'aggregation': 'norm', 'ffn_hidden_dim': 256, 'ffn_num_layers': 1, 'ffn_dropout': 0.1, 'warmup_epochs': 3, 'learning_rate': 0.0001364559692954765, 'lr_ratio': 10.0, 'batch_size': 64, 'max_epochs': 200, 'patience': 20}
  train: 4140, test: 513
  Experiment: chemprop_finetune_nopretrain_ablation_ablation_umap

[Fold 0] train=3309, val=831
  [Fold 0] RAE=0.6028  MAE=0.5464  R2=0.5595  Spearman=0.7110  Kendall=0.5270

[Fold 1] train=3310, val=830
  [Fold 1] RAE=0.5218  MAE=0.5183  R2=0.6548  Spearman=0.7712  Kendall=0.5716

[Fold 2] train=3311, val=829
  [Fold 2] RAE=0.6349  MAE=0.5392  R2=0.4945  Spearman=0.6959  Kendall=0.5097

[Fold 3] train=3322, val=818
  [Fold 3] RAE=0.6615  MAE=0.5157  R2=0.3862  Spearman=0.6642  Kendall=0.4989

[Fold 4] train=3308, val=832
  [Fold 4] RAE=0.5268  MAE=0.5291  R2=0.6060  Spearman=0.7442  Kendall=0.5517

  Overall OOF:
  RAE=0.5822  MAE=0.5298  R2=0.5555  Spearman=0.7190  Kendall=0.5328

  Mean ± Std across folds:
    RAE: 0.5895 ± 0.0565
    MAE: 0.5298 ± 0.0118
    R2: 0.5402 ± 0.0934
    Spearman_R: 0.7173 ± 0.0373
    Kendall_Tau: 0.5318 ± 0.0268

  Test preds: mean=4.801, std=0.654
  Recorded experiment 'chemprop_finetune_nopretrain_ablation_ablation_umap' (id=489)
  Saved submission: /home/nagaet/pxr-iduction-challenge/track1_activity/submissions/chemprop_finetune_nopretrain_ablation_ablation_umap.csv

  Done: chemprop_finetune_nopretrain_ablation_ablation_umap -> RAE=0.5822
