/home/nagaet/pxr-iduction-challenge/.pixi/envs/default/lib/python3.12/site-packages/sklearn/utils/validation.py:2691: UserWarning: X does not have valid feature names, but LGBMClassifier was fitted with feature names
  warnings.warn(
/home/nagaet/pxr-iduction-challenge/.pixi/envs/default/lib/python3.12/site-packages/sklearn/utils/validation.py:2691: UserWarning: X does not have valid feature names, but LGBMClassifier was fitted with feature names
  warnings.warn(
/home/nagaet/pxr-iduction-challenge/.pixi/envs/default/lib/python3.12/site-packages/sklearn/utils/validation.py:2691: UserWarning: X does not have valid feature names, but LGBMClassifier was fitted with feature names
  warnings.warn(
/home/nagaet/pxr-iduction-challenge/.pixi/envs/default/lib/python3.12/site-packages/sklearn/utils/validation.py:2691: UserWarning: X does not have valid feature names, but LGBMClassifier was fitted with feature names
  warnings.warn(
/home/nagaet/pxr-iduction-challenge/.pixi/envs/default/lib/python3.12/site-packages/sklearn/utils/validation.py:2691: UserWarning: X does not have valid feature names, but LGBMClassifier was fitted with feature names
  warnings.warn(
/home/nagaet/pxr-iduction-challenge/.pixi/envs/default/lib/python3.12/site-packages/sklearn/utils/validation.py:2691: UserWarning: X does not have valid feature names, but LGBMClassifier was fitted with feature names
  warnings.warn(
/home/nagaet/pxr-iduction-challenge/.pixi/envs/default/lib/python3.12/site-packages/sklearn/utils/validation.py:2691: UserWarning: X does not have valid feature names, but LGBMClassifier was fitted with feature names
  warnings.warn(
Loading data ...
  morgan FPs ...
  LightGBM adversarial classifier ...
    AUC (5-fold) = 0.9564

  Quartile distribution (train):
    Q1: n=1035, p_train range [0.0000, 0.0008], y mean=4.221, std=1.095
    Q2: n=1035, p_train range [0.0008, 0.0024], y mean=4.181, std=1.127
    Q3: n=1035, p_train range [0.0024, 0.0075], y mean=4.270, std=1.152
    Q4: n=1035, p_train range [0.0075, 0.6902], y mean=4.612, std=1.057

  Quartile distribution (test):
    Q1: n=0 (0.0%)
    Q2: n=0 (0.0%)
    Q3: n=0 (0.0%)
    Q4: n=513 (100.0%)

Loading 9-pool members ...
  pool size = 9
  global caruana weights:
    0.337  tabpfn_cheme_2d_full_boltz_log2fc_pred_optuna_trial10_seed5ens_umap_default
    0.270  tabpfn_cheme_2d_full_boltz_log2fc_pred_seed10ens_top500_umap
    0.150  tabpfn_chemprop_pretrain_embed_umap_default
    0.108  tabpfn_kermt_pretrain_embed_umap_default
    0.041  tabpfn_molformer_c3_pretrain_embed_umap
    0.039  tabpfn_pooled_boltz_umap_default
    0.035  tabpfn_pooled_boltz_allpairs_umap_default
    0.017  tabpfn_gatedgcn_pretrain_embed_umap_default
    0.002  tabpfn_attentivefp_pretrain_embed_umap_default

=== Member x Quartile MAE ===

                                                                     member  global_w  global_mae  Q1_mae  Q2_mae  Q3_mae  Q4_mae  q_std  q_max_minus_min
tabpfn_cheme_2d_full_boltz_log2fc_pred_optuna_trial10_seed5ens_umap_default    0.3369      0.3961  0.4189  0.4016  0.3892  0.3745 0.0163           0.0443
               tabpfn_cheme_2d_full_boltz_log2fc_pred_seed10ens_top500_umap    0.2704      0.3968  0.4207  0.4022  0.3968  0.3673 0.0192           0.0534
                                tabpfn_chemprop_pretrain_embed_umap_default    0.1500      0.4373  0.4642  0.4383  0.4336  0.4130 0.0182           0.0512
                                   tabpfn_kermt_pretrain_embed_umap_default    0.1078      0.4485  0.4756  0.4407  0.4406  0.4373 0.0157           0.0384
                                    tabpfn_molformer_c3_pretrain_embed_umap    0.0408      0.4753  0.5136  0.4637  0.4719  0.4519 0.0232           0.0617
                                           tabpfn_pooled_boltz_umap_default    0.0393      0.4861  0.5283  0.4921  0.4812  0.4427 0.0305           0.0855
                                  tabpfn_pooled_boltz_allpairs_umap_default    0.0350      0.4860  0.5287  0.4842  0.4843  0.4468 0.0290           0.0819
                                tabpfn_gatedgcn_pretrain_embed_umap_default    0.0175      0.4740  0.5110  0.4679  0.4690  0.4481 0.0229           0.0629
                             tabpfn_attentivefp_pretrain_embed_umap_default    0.0024      0.4844  0.5175  0.4859  0.4783  0.4557 0.0221           0.0618

=== Global ensemble MAE by quartile ===
  overall MAE = 0.3971
    Q1: ens MAE = 0.4203 (n=1035)
    Q2: ens MAE = 0.3992 (n=1035)
    Q3: ens MAE = 0.3948 (n=1035)
    Q4: ens MAE = 0.3740 (n=1035)

=== Per-regime caruana ===
  global caruana (sanity check) ...
    sum of weights = 1.0000

  Q1 (n=1035) caruana weights (top 5):
    0.500  (+0.004 vs global)  tabpfn_cheme_2d_full_boltz_log2fc_pred_optuna_trial10_seed5ens_umap_default
    0.427  (-0.056 vs global)  tabpfn_cheme_2d_full_boltz_log2fc_pred_seed10ens_top500_umap
    0.026  (+0.022 vs global)  tabpfn_kermt_pretrain_embed_umap_default
    0.015  (+0.014 vs global)  tabpfn_molformer_c3_pretrain_embed_umap
    0.014  (+0.014 vs global)  tabpfn_chemprop_pretrain_embed_umap_default

  Q2 (n=1035) caruana weights (top 5):
    0.436  (-0.047 vs global)  tabpfn_cheme_2d_full_boltz_log2fc_pred_seed10ens_top500_umap
    0.386  (-0.111 vs global)  tabpfn_cheme_2d_full_boltz_log2fc_pred_optuna_trial10_seed5ens_umap_default
    0.051  (+0.050 vs global)  tabpfn_molformer_c3_pretrain_embed_umap
    0.042  (+0.038 vs global)  tabpfn_kermt_pretrain_embed_umap_default
    0.033  (+0.033 vs global)  tabpfn_pooled_boltz_allpairs_umap_default

  Q3 (n=1035) caruana weights (top 5):
    0.653  (+0.157 vs global)  tabpfn_cheme_2d_full_boltz_log2fc_pred_optuna_trial10_seed5ens_umap_default
    0.335  (-0.148 vs global)  tabpfn_cheme_2d_full_boltz_log2fc_pred_seed10ens_top500_umap
    0.005  (-0.011 vs global)  tabpfn_pooled_boltz_umap_default
    0.003  (-0.002 vs global)  tabpfn_kermt_pretrain_embed_umap_default
    0.003  (+0.003 vs global)  tabpfn_pooled_boltz_allpairs_umap_default

  Q4 (n=1035) caruana weights (top 5):
    0.681  (+0.198 vs global)  tabpfn_cheme_2d_full_boltz_log2fc_pred_seed10ens_top500_umap
    0.205  (-0.291 vs global)  tabpfn_cheme_2d_full_boltz_log2fc_pred_optuna_trial10_seed5ens_umap_default
    0.099  (+0.083 vs global)  tabpfn_pooled_boltz_umap_default
    0.011  (+0.011 vs global)  tabpfn_pooled_boltz_allpairs_umap_default
    0.003  (-0.001 vs global)  tabpfn_kermt_pretrain_embed_umap_default

=== Region-conditioned OOF MAE ===
  region-conditioned overall MAE = 0.3902
  global ensemble overall MAE    = 0.3971
  delta                          = -0.0069
  Q1: region=0.4139 vs global=0.4203  Δ=-0.0065
  Q2: region=0.3970 vs global=0.3992  Δ=-0.0022
  Q3: region=0.3861 vs global=0.3948  Δ=-0.0087
  Q4: region=0.3637 vs global=0.3740  Δ=-0.0103

Heatmap written to /home/nagaet/pxr-iduction-challenge/docs/superpowers/runs/2026-04-30-region-diagnostic-heatmap.csv

=== Decision summary ===
  members with q_max_minus_min >= 0.05: 7 / 9
  region-conditioned OOF improvement: +0.0069
  [PROCEED] Phase B-2 candidate (Δ <= -0.001 at OOF)
