Loading data ...
Fit classifier ...
  classifier seed=42 AUC=0.9564
  test in Q4: 513/513
Loading 9-pool ...

base9pool cal OOF MAE=0.3962  Sp=0.8451
base affine: y = 1.0917 * pred + -0.3753

Build V2 weights per regime (capped) ...
  V2 Q4 family share = 0.7000

=== Blend ratio sweep (alpha = V2 weight) ===

  base9pool ref: cal MAE=0.3962  Sp=0.8451
  pure V2 ref:   ΔM2=-0.0040  ΔSp=+0.0030

  alpha   cal_MAE       ΔM2       Sp       ΔSp   Q4_fam        gate
  ---------------------------------------------------------------------------
   0.50    0.3936   -0.0026   0.8470   +0.0019   0.7286     M2 fail
   0.60    0.3932   -0.0029   0.8473   +0.0022   0.7229     M2 fail
   0.70    0.3929   -0.0033   0.8475   +0.0024   0.7172    ALL PASS
   0.80    0.3926   -0.0035   0.8477   +0.0026   0.7115    ALL PASS
   0.90    0.3924   -0.0038   0.8479   +0.0028   0.7057    ALL PASS
   1.00    0.3922   -0.0040   0.8481   +0.0030   0.7000    ALL PASS

=== Generating submission CSVs for recommended ratios (0.7, 0.8, 1.0) ===

  saved ens_region_v2_blend_a7.csv  test mean=4.789 std=0.774
  saved ens_region_v2_blend_a8.csv  test mean=4.788 std=0.776
  saved ens_region_v2_blend_a10.csv  test mean=4.787 std=0.778

=== Recommendation summary ===

  alpha=0.7  ΔM2=-0.0033  ΔSp=+0.0024  family=0.7172  => CANDIDATE
  alpha=0.8  ΔM2=-0.0035  ΔSp=+0.0026  family=0.7115  => CANDIDATE
  alpha=0.9  ΔM2=-0.0038  ΔSp=+0.0028  family=0.7057  => CANDIDATE
  alpha=1.0  ΔM2=-0.0040  ΔSp=+0.0030  family=0.7000  => CANDIDATE
