  pose_jazzy_df = pd.read_sql(
  boltz_df = pd.read_sql(
  warn(
  warn(
Loading data ...

Building base feature: cheme_2d_full_boltz_log2fc_pred_seed10ens
  2d_full_boltz: mordred 1515 + pose-jazzy 6 + rdkit 217 + tier0 19 + tier1 44 = 1801 features
  2d_full_boltz_log2fc_pred_seed10ens: 1801 base + 2 LF preds = 1803 features
  cheme_2d_full_boltz_log2fc_pred: 300 chemeleon + 1803 2df_lf = 2103 features
  base shape: train (4140, 2103), test (513, 2103)

Loading ADMET-AI features ...
  ADMET shape: train (4140, 104), test (513, 104)
  combined: train (4140, 2207), test (513, 2207)
  (2103 base + 104 ADMET-AI = 2207 total)

UMAP 5-fold split (Morgan+Jaccard, k=50, seed=42) ...

Cross-validating TabPFN on combined features ...
  fold 0: train=3309 val=831 MAE=0.4570  RAE=0.5042  Sp=0.7921
  fold 1: train=3310 val=830 MAE=0.4131  RAE=0.4158  Sp=0.8533
  fold 2: train=3311 val=829 MAE=0.4418  RAE=0.5202  Sp=0.8076
  fold 3: train=3322 val=818 MAE=0.3979  RAE=0.5104  Sp=0.7728
  fold 4: train=3308 val=832 MAE=0.4661  RAE=0.4641  Sp=0.8061

  full OOF: MAE=0.4353  RAE=0.4784  Sp=0.8092  R2=0.7009

Fitting on ALL train (for test prediction) ...
  test preds: mean=4.7777 std=0.6522 min=2.5868 max=5.9083
  wrote /home/nagaet/pxr-iduction-challenge/track1_activity/submissions/tabpfn_cheme_2d_full_boltz_log2fc_pred_seed10ens_admet_ai_umap.csv
  Recorded experiment 'tabpfn_cheme_2d_full_boltz_log2fc_pred_seed10ens_admet_ai_umap' (id=2235)

Done. Experiment id=2235, name=tabpfn_cheme_2d_full_boltz_log2fc_pred_seed10ens_admet_ai_umap
  OOF: MAE=0.4353  Sp=0.8092
