  pose_jazzy_df = pd.read_sql(
  boltz_df = pd.read_sql(
  warn(
  warn(
Loading data ...

Building base feature: cheme_2d_full_boltz_log2fc_pred_seed10ens
  2d_full_boltz: mordred 1515 + pose-jazzy 6 + rdkit 217 + tier0 19 + tier1 44 = 1801 features
  2d_full_boltz_log2fc_pred_seed10ens: 1801 base + 2 LF preds = 1803 features
  cheme_2d_full_boltz_log2fc_pred: 300 chemeleon + 1803 2df_lf = 2103 features
  base shape: train (4140, 2103), test (513, 2103)

Loading ADMET-AI features ...
  ADMET shape: train (4140, 104), test (513, 104)
  combined: train (4140, 2207), test (513, 2207)
  (2103 base + 104 ADMET-AI = 2207 total)

Fitting LGBM for feature importance (full-train, single fit) ...
  top-500 selected, 39 ADMET-AI features included
  ADMET-AI features in top-500: ['admet:Lipophilicity_AstraZeneca', 'admet:NR-AhR', 'admet:CYP3A4_Substrate_CarbonMangels', 'admet:Half_Life_Obach', 'admet:VDss_Lombardo', 'admet:CYP3A4_Veith', 'admet:Bioavailability_Ma', 'admet:NR-Aromatase', 'admet:Carcinogens_Lagunin', 'admet:Clearance_Hepatocyte_AZ', 'admet:NR-ER-LBD', 'admet:HIA_Hou', 'admet:QED_drugbank_approved_percentile', 'admet:Skin_Reaction', 'admet:DILI']...
  selected: train (4140, 500), test (513, 500)

UMAP 5-fold split (Morgan+Jaccard, k=50, seed=42) ...

Cross-validating TabPFN on top-500 features ...
  fold 0: train=3309 val=831 MAE=0.4147  RAE=0.4575  Sp=0.8290
  fold 1: train=3310 val=830 MAE=0.3779  RAE=0.3804  Sp=0.8786
  fold 2: train=3311 val=829 MAE=0.4146  RAE=0.4881  Sp=0.8430
  fold 3: train=3322 val=818 MAE=0.3575  RAE=0.4586  Sp=0.8268
  fold 4: train=3308 val=832 MAE=0.4169  RAE=0.4150  Sp=0.8537

  full OOF: MAE=0.3964  RAE=0.4357  Sp=0.8490  R2=0.7581

Fitting on ALL train (for test prediction) ...
  test preds: mean=4.7328 std=0.7723 min=2.4374 max=6.0721
  wrote /home/nagaet/pxr-iduction-challenge/track1_activity/submissions/tabpfn_cheme_2d_full_boltz_log2fc_pred_seed10ens_admet_ai_top500_umap.csv
  Recorded experiment 'tabpfn_cheme_2d_full_boltz_log2fc_pred_seed10ens_admet_ai_top500_umap' (id=2236)

Done. Experiment id=2236, name=tabpfn_cheme_2d_full_boltz_log2fc_pred_seed10ens_admet_ai_top500_umap
  OOF: MAE=0.3964  Sp=0.8490
