Loading data ...
Loading 9-pool ...
  importance affine ref: cal MAE=0.3962  Sp=0.8451
  slope=1.0917  intercept=-0.3753

=== Pairwise calibrator OOF bake-off ===

        arch      λ      MAE       ΔM2       Sp       ΔSp  gate
  ----------------------------------------------------------------------
      affine   0.00  0.3974   +0.0012  0.8444   -0.0007  fail
      affine   0.05  0.3975   +0.0013  0.8443   -0.0007  fail
      affine   0.10  0.3972   +0.0010  0.8444   -0.0007  fail
      affine   0.20  0.3974   +0.0012  0.8441   -0.0009  fail
      affine   0.50  0.3972   +0.0011  0.8441   -0.0010  fail
      affine   1.00  0.3974   +0.0012  0.8441   -0.0010  fail
      affine   2.00  0.3992   +0.0031  0.8445   -0.0006  fail
    mono_mlp   0.00  0.3975   +0.0013  0.8443   -0.0008  fail
    mono_mlp   0.05  0.3975   +0.0013  0.8443   -0.0008  fail
    mono_mlp   0.10  0.3974   +0.0012  0.8443   -0.0008  fail
    mono_mlp   0.20  0.3974   +0.0012  0.8442   -0.0009  fail
    mono_mlp   0.50  0.3971   +0.0010  0.8441   -0.0009  fail
    mono_mlp   1.00  0.3973   +0.0012  0.8441   -0.0010  fail
    mono_mlp   2.00  0.3992   +0.0030  0.8445   -0.0006  fail

=== Submission CSV generation ===


=== Recommendation ===
  All variants fail. Pairwise calibrator cannot improve over global affine.
