Loading data ...
  using ens_caruana_bag20 experiment id=2229
  9 member weights in hyperparameters
  reconstructed OOF: n=4140, mean=4.3342, std=0.9270
  train=4140, test=513
  raw OOF MAE=0.3971  Spearman=0.8451
Computing Morgan fingerprints (train + test) ...
  X_train_fp (4140, 2048), X_test_fp (513, 2048)
Loading potent-46 indices (train pec50>=6, sel>=1.5) ...
  potent-46 size: 46
Computing NN-Tanimoto to potent-46 ...
  prox_train: mean=0.2194 median=0.2152 q25=0.1910 q75=0.2424
  prox_test:  mean=0.3953 median=0.4375 q25=0.2375 q75=0.5205
  threshold T = chemical anchor = 0.2800
  train near=338 far=3802 | test near=322 far=191
Fitting global importance affine (baseline + far-stratum fallback) ...
  global affine: y = 1.0917 * pred + -0.3753
Fitting near-stratum local calibrator ...
  stratum 'near': n_train=338 n_test=322 w[mean=1.000 q25=0.910 q75=0.910 max=8.189] -> y = 1.0958 * pred + -0.3846
Per-stratum OOF MAE:
  near (local): raw=0.3657  cal=0.3640  Δ=-0.0017
  far  (global): raw=0.3999  cal=0.3991  Δ=-0.0008
  global: raw MAE=0.3971  cal MAE=0.3962  Δ MAE=-0.0008
          raw Sp =0.8451  cal Sp =0.8451  Δ Sp =+0.0001
  global importance OOF: MAE=0.3962  Sp=0.8451

GATE CHECK:
  proximity OOF MAE <= global importance MAE: False (0.3962 vs 0.3962)
  proximity OOF Sp >= global importance Sp - 0.005: True (0.8451 vs 0.8401)
  near stratum cal-vs-raw within +0.01: True (Δ=-0.0017)
  GATE PASS = False

Wrote: /home/nagaet/pxr-iduction-challenge/track1_activity/submissions/ens_caruana_bag20_calibrated_proximity.csv
  test mean: 4.7991, std: 0.7688
