  pose_jazzy_df = pd.read_sql(
  boltz_df = pd.read_sql(
  warn(
  warn(
Loading data ...

Building feature: cheme_2d_full_boltz_log2fc_pred_seed10ens (chemeleon 300d + 2d_full_boltz_log2fc_pred 1803d)
  2d_full_boltz: mordred 1515 + pose-jazzy 6 + rdkit 217 + tier0 19 + tier1 44 = 1801 features
  2d_full_boltz_log2fc_pred_seed10ens: 1801 base + 2 LF preds = 1803 features
  cheme_2d_full_boltz_log2fc_pred: 300 chemeleon + 1803 2df_lf = 2103 features
  base shape: train (4140, 2103), test (513, 2103)

Loading ADMET-AI features ...
  ADMET shape: train (4140, 104), test (513, 104)

Concatenating base + ADMET ...
  combined: train (4140, 2207), test (513, 2207)

UMAP 5-fold split (Morgan+Jaccard, k=50, seed=42) ...

Per-fold LGBM (gain feature importance) ...
  fold 0: MAE=0.4534 (n_iter=154)
  fold 1: MAE=0.3989 (n_iter=239)
  fold 2: MAE=0.4212 (n_iter=73)
  fold 3: MAE=0.3779 (n_iter=218)
  fold 4: MAE=0.4334 (n_iter=272)
  full OOF MAE = 0.4171  (per-fold mean = 0.4169)

ADMET-AI features in top-K (out of 104 ADMET cols, total 2207 features):
  top-100: 3
  top-200: 7
  top-500: 26

Top 30 ADMET-AI features by mean LGBM gain rank:
  rank   16  gain=291.2  admet:Lipophilicity_AstraZeneca
  rank   23  gain=264.0  admet:CYP3A4_Substrate_CarbonMangels
  rank   37  gain=248.7  admet:HIA_Hou
  rank  116  gain=200.7  admet:Clearance_Hepatocyte_AZ
  rank  123  gain=196.8  admet:PAMPA_NCATS
  rank  163  gain=185.0  admet:ClinTox
  rank  183  gain=179.1  admet:AMES
  rank  213  gain=172.2  admet:Skin_Reaction
  rank  260  gain=163.3  admet:CYP2C19_Veith
  rank  268  gain=161.6  admet:NR-AR
  rank  270  gain=161.0  admet:CYP3A4_Veith
  rank  275  gain=160.1  admet:Carcinogens_Lagunin
  rank  314  gain=153.0  admet:Clearance_Microsome_AZ
  rank  319  gain=151.7  admet:Bioavailability_Ma
  rank  328  gain=150.3  admet:NR-AR-LBD
  rank  342  gain=146.7  admet:VDss_Lombardo
  rank  357  gain=144.3  admet:LD50_Zhu
  rank  365  gain=142.8  admet:CYP2D6_Veith
  rank  367  gain=142.7  admet:CYP2C9_Veith
  rank  380  gain=140.4  admet:Half_Life_Obach
  rank  426  gain=132.4  admet:CYP2C9_Substrate_CarbonMangels
  rank  437  gain=131.3  admet:NR-Aromatase
  rank  454  gain=128.7  admet:CYP2D6_Substrate_CarbonMangels
  rank  470  gain=126.5  admet:SR-ARE
  rank  473  gain=126.2  admet:Pgp_Broccatelli
  rank  485  gain=123.5  admet:HydrationFreeEnergy_FreeSolv
  rank  508  gain=119.3  admet:BBB_Martins
  rank  518  gain=118.1  admet:Caco2_Wang
  rank  529  gain=116.9  admet:NR-AhR
  rank  531  gain=116.7  admet:hERG

--- Decision ---
PASS: 3 ADMET-AI feature(s) in top-100 -> augmented variant worth implementing (TabPFN on combined 2207d, SWAP top500 candidate).
