/home/nagaet/pxr-iduction-challenge/track1_activity/scripts/run_train.py:1461: UserWarning: pandas only supports SQLAlchemy connectable (engine/connection) or database string URI or sqlite3 DBAPI2 connection. Other DBAPI2 objects are not tested. Please consider using SQLAlchemy.
  pose_jazzy_df = pd.read_sql(
/home/nagaet/pxr-iduction-challenge/track1_activity/scripts/run_train.py:1505: UserWarning: pandas only supports SQLAlchemy connectable (engine/connection) or database string URI or sqlite3 DBAPI2 connection. Other DBAPI2 objects are not tested. Please consider using SQLAlchemy.
  boltz_df = pd.read_sql(
/home/nagaet/pxr-iduction-challenge/track1_activity/scripts/run_train.py:1398: UserWarning: pandas only supports SQLAlchemy connectable (engine/connection) or database string URI or sqlite3 DBAPI2 connection. Other DBAPI2 objects are not tested. Please consider using SQLAlchemy.
  vec_df = pd.read_sql(
/home/nagaet/pxr-iduction-challenge/track1_activity/scripts/run_train.py:1402: UserWarning: pandas only supports SQLAlchemy connectable (engine/connection) or database string URI or sqlite3 DBAPI2 connection. Other DBAPI2 objects are not tested. Please consider using SQLAlchemy.
  skfp_df = pd.read_sql(
/home/nagaet/pxr-iduction-challenge/.pixi/envs/default/lib/python3.12/site-packages/umap/umap_.py:1887: UserWarning: gradient function is not yet implemented for jaccard distance metric; inverse_transform will be unavailable
  warn(
/home/nagaet/pxr-iduction-challenge/.pixi/envs/default/lib/python3.12/site-packages/umap/umap_.py:1952: UserWarning: n_jobs value 1 overridden to 1 by setting random_state. Use no seed for parallelism.
  warn(
Model: tabpfn, Feature: 2d_full_boltz_plus_shape, Split: umap, Trials: 20
Loading data...
  2d_full_boltz: mordred 1515 + pose-jazzy 6 + rdkit 217 + tier0 19 + tier1 44 = 1801 features
  3d_shape_pure: usr 12 + usrcat 60 + electroshape 15 = 87 features
  2d_full_boltz_plus_shape: 2d_full_boltz 1801 + 3d_shape_pure 87 = 1888 features
  X_train: (4140, 1888), X_test: (513, 1888)
  NOTE: TabPFN with 1888 features — GPU strongly recommended. Consider rdkit_desc_full (217d) or chemeleon (300d).
  Experiment: tabpfn_2d_full_boltz_plus_shape_umap
  [Fold 0] Tuning (20 trials, gap_λ=0.0)...
  [Fold 0] RAE=0.5650  MAE=0.5121  R2=0.5656  Spearman=0.7284  Kendall=0.5453
  [Fold 1] Tuning (20 trials, gap_λ=0.0)...
  [Fold 1] RAE=0.4675  MAE=0.4644  R2=0.7149  Spearman=0.7915  Kendall=0.5955
  [Fold 2] Tuning (20 trials, gap_λ=0.0)...
  [Fold 2] RAE=0.5705  MAE=0.4845  R2=0.5817  Spearman=0.7568  Kendall=0.5643
  [Fold 3] Tuning (20 trials, gap_λ=0.0)...
  [Fold 3] RAE=0.5806  MAE=0.4527  R2=0.5509  Spearman=0.7006  Kendall=0.5237
  [Fold 4] Tuning (20 trials, gap_λ=0.0)...
  [Fold 4] RAE=0.4860  MAE=0.4881  R2=0.6775  Spearman=0.7888  Kendall=0.5912

  Overall OOF (covered subset):
  RAE=0.5280  MAE=0.4805  R2=0.6279  Spearman=0.7569  Kendall=0.5675

  Mean ± Std across folds:
    RAE: 0.5339 ± 0.0473
    MAE: 0.4804 ± 0.0205
    R2: 0.6181 ± 0.0656
    Spearman_R: 0.7532 ± 0.0350
    Kendall_Tau: 0.5640 ± 0.0273

  Final model: n_estimators=32, params from fold 1 (RAE=0.4675)
  Test preds: mean=4.791, std=0.654
  Recorded experiment 'tabpfn_2d_full_boltz_plus_shape_umap' (id=2239)

  Done: tabpfn_2d_full_boltz_plus_shape_umap -> RAE=0.5280
