  pose_jazzy_df = pd.read_sql(
  boltz_df = pd.read_sql(
  warn(
  warn(
Loading data ...

Building feature: 2d_full_boltz (no log2fc, 1801d) ...
  2d_full_boltz: mordred 1515 + pose-jazzy 6 + rdkit 217 + tier0 19 + tier1 44 = 1801 features
  2d_full_boltz: train (4140, 1801), test (513, 1801)

Loading chemeleon (300d) ...
  chemeleon: train (4140, 300), test (513, 300)

Loading ADMET-AI (104d) ...
  ADMET: train (4140, 104), test (513, 104)

  combined: train (4140, 2205), test (513, 2205)
  (300 cheme + 1801 2d_full_boltz + 104 ADMET = 2205 total)

Fitting LGBM for feature importance (full-train, single fit) ...
  top-500 selected: cheme=169, 2d_full_boltz=281, ADMET=50
  ADMET features in top-500: ['admet:Pgp_Broccatelli_drugbank_approved_percentile', 'admet:Lipophilicity_AstraZeneca', 'admet:CYP3A4_Substrate_CarbonMangels', 'admet:Lipophilicity_AstraZeneca_drugbank_approved_percentile', 'admet:CYP2C19_Veith_drugbank_approved_percentile', 'admet:CYP2C19_Veith', 'admet:HIA_Hou', 'admet:CYP3A4_Veith', 'admet:NIH_alert', 'admet:HIA_Hou_drugbank_approved_percentile', 'admet:logP_drugbank_approved_percentile', 'admet:CYP2C9_Veith', 'admet:PAMPA_NCATS', 'admet:Clearance_Microsome_AZ', 'admet:CYP2C9_Veith_drugbank_approved_percentile']...

UMAP 5-fold split (Morgan+Jaccard, k=50, seed=42) ...

Cross-validating TabPFN on top-500 features ...
  fold 0: train=3309 val=831 MAE=0.4942  RAE=0.5452  Sp=0.7541
  fold 1: train=3310 val=830 MAE=0.4426  RAE=0.4455  Sp=0.8197
  fold 2: train=3311 val=829 MAE=0.4703  RAE=0.5537  Sp=0.7738
  fold 3: train=3322 val=818 MAE=0.4292  RAE=0.5505  Sp=0.7303
  fold 4: train=3308 val=832 MAE=0.4791  RAE=0.4770  Sp=0.7881

  full OOF: MAE=0.4632  RAE=0.5090  Sp=0.7759  R2=0.6535

Fitting on ALL train (for test prediction) ...
  test preds: mean=4.7866 std=0.6638 min=2.6241 max=6.0235
  wrote /home/nagaet/pxr-iduction-challenge/track1_activity/submissions/tabpfn_cheme_2d_full_boltz_admet_ai_top500_umap.csv
  Recorded experiment 'tabpfn_cheme_2d_full_boltz_admet_ai_top500_umap' (id=2237)

Done. Experiment id=2237, name=tabpfn_cheme_2d_full_boltz_admet_ai_top500_umap
  OOF: MAE=0.4632  Sp=0.7759
