/home/nagaet/pxr-iduction-challenge/.pixi/envs/default/lib/python3.12/site-packages/sklearn/utils/validation.py:2691: UserWarning: X does not have valid feature names, but LGBMClassifier was fitted with feature names
  warnings.warn(
/home/nagaet/pxr-iduction-challenge/.pixi/envs/default/lib/python3.12/site-packages/sklearn/utils/validation.py:2691: UserWarning: X does not have valid feature names, but LGBMClassifier was fitted with feature names
  warnings.warn(
/home/nagaet/pxr-iduction-challenge/.pixi/envs/default/lib/python3.12/site-packages/sklearn/utils/validation.py:2691: UserWarning: X does not have valid feature names, but LGBMClassifier was fitted with feature names
  warnings.warn(
/home/nagaet/pxr-iduction-challenge/.pixi/envs/default/lib/python3.12/site-packages/sklearn/utils/validation.py:2691: UserWarning: X does not have valid feature names, but LGBMClassifier was fitted with feature names
  warnings.warn(
/home/nagaet/pxr-iduction-challenge/.pixi/envs/default/lib/python3.12/site-packages/sklearn/utils/validation.py:2691: UserWarning: X does not have valid feature names, but LGBMClassifier was fitted with feature names
  warnings.warn(
/home/nagaet/pxr-iduction-challenge/.pixi/envs/default/lib/python3.12/site-packages/sklearn/utils/validation.py:2691: UserWarning: X does not have valid feature names, but LGBMClassifier was fitted with feature names
  warnings.warn(
/home/nagaet/pxr-iduction-challenge/.pixi/envs/default/lib/python3.12/site-packages/sklearn/utils/validation.py:2691: UserWarning: X does not have valid feature names, but LGBMClassifier was fitted with feature names
  warnings.warn(
Loading data ...
  fit LightGBM adversarial classifier ...
    AUC = 0.9564

  Test quartile distribution:
    Q1: n=0 (0.0%)
    Q2: n=0 (0.0%)
    Q3: n=0 (0.0%)
    Q4: n=513 (100.0%)

Loading 9-pool ...
  pool size = 9
  global weights family_share = 0.7573
  global affine: y = 1.0917 * pred + -0.3753
  global OOF MAE raw=0.3971 cal=0.3962

=== V1 unconstrained per-regime ===

  Q1 (n=1035) family_share=0.9415
      F 0.500  tabpfn_cheme_2d_full_boltz_log2fc_pred_optuna_trial10_seed5ens_umap_default
      F 0.427  tabpfn_cheme_2d_full_boltz_log2fc_pred_seed10ens_top500_umap
        0.026  tabpfn_kermt_pretrain_embed_umap_default
        0.015  tabpfn_molformer_c3_pretrain_embed_umap
      F 0.014  tabpfn_chemprop_pretrain_embed_umap_default
        0.008  tabpfn_pooled_boltz_umap_default
        0.007  tabpfn_pooled_boltz_allpairs_umap_default
        0.004  tabpfn_attentivefp_pretrain_embed_umap_default
        0.000  tabpfn_gatedgcn_pretrain_embed_umap_default
    family_share = 0.9415

  Q2 (n=1035) family_share=0.8400
      F 0.436  tabpfn_cheme_2d_full_boltz_log2fc_pred_seed10ens_top500_umap
      F 0.386  tabpfn_cheme_2d_full_boltz_log2fc_pred_optuna_trial10_seed5ens_umap_default
        0.051  tabpfn_molformer_c3_pretrain_embed_umap
        0.042  tabpfn_kermt_pretrain_embed_umap_default
        0.033  tabpfn_pooled_boltz_allpairs_umap_default
        0.030  tabpfn_pooled_boltz_umap_default
      F 0.017  tabpfn_chemprop_pretrain_embed_umap_default
        0.005  tabpfn_gatedgcn_pretrain_embed_umap_default
        0.000  tabpfn_attentivefp_pretrain_embed_umap_default
    family_share = 0.8400

  Q3 (n=1035) family_share=0.9885
      F 0.653  tabpfn_cheme_2d_full_boltz_log2fc_pred_optuna_trial10_seed5ens_umap_default
      F 0.335  tabpfn_cheme_2d_full_boltz_log2fc_pred_seed10ens_top500_umap
        0.005  tabpfn_pooled_boltz_umap_default
        0.003  tabpfn_kermt_pretrain_embed_umap_default
        0.003  tabpfn_pooled_boltz_allpairs_umap_default
        0.001  tabpfn_gatedgcn_pretrain_embed_umap_default
        0.000  tabpfn_molformer_c3_pretrain_embed_umap
      F 0.000  tabpfn_chemprop_pretrain_embed_umap_default
        0.000  tabpfn_attentivefp_pretrain_embed_umap_default
    family_share = 0.9885

  Q4 (n=1035) family_share=0.8860
      F 0.681  tabpfn_cheme_2d_full_boltz_log2fc_pred_seed10ens_top500_umap
      F 0.205  tabpfn_cheme_2d_full_boltz_log2fc_pred_optuna_trial10_seed5ens_umap_default
        0.099  tabpfn_pooled_boltz_umap_default
        0.011  tabpfn_pooled_boltz_allpairs_umap_default
        0.003  tabpfn_kermt_pretrain_embed_umap_default
        0.001  tabpfn_gatedgcn_pretrain_embed_umap_default
        0.000  tabpfn_molformer_c3_pretrain_embed_umap
      F 0.000  tabpfn_chemprop_pretrain_embed_umap_default
        0.000  tabpfn_attentivefp_pretrain_embed_umap_default
    family_share = 0.8860

=== V2 family-capped (chemprop family <= 0.7) per-regime ===

  Q1 (n=1035) family_share=0.7000
      F 0.355  tabpfn_cheme_2d_full_boltz_log2fc_pred_seed10ens_top500_umap
      F 0.345  tabpfn_cheme_2d_full_boltz_log2fc_pred_optuna_trial10_seed5ens_umap_default
        0.170  tabpfn_kermt_pretrain_embed_umap_default
        0.053  tabpfn_pooled_boltz_allpairs_umap_default
        0.038  tabpfn_molformer_c3_pretrain_embed_umap
        0.024  tabpfn_pooled_boltz_umap_default
        0.015  tabpfn_attentivefp_pretrain_embed_umap_default
        0.001  tabpfn_gatedgcn_pretrain_embed_umap_default
      F 0.000  tabpfn_chemprop_pretrain_embed_umap_default
    family_share = 0.7000

  Q2 (n=1035) family_share=0.6995
      F 0.386  tabpfn_cheme_2d_full_boltz_log2fc_pred_seed10ens_top500_umap
      F 0.303  tabpfn_cheme_2d_full_boltz_log2fc_pred_optuna_trial10_seed5ens_umap_default
        0.112  tabpfn_kermt_pretrain_embed_umap_default
        0.083  tabpfn_molformer_c3_pretrain_embed_umap
        0.049  tabpfn_pooled_boltz_allpairs_umap_default
        0.037  tabpfn_pooled_boltz_umap_default
        0.016  tabpfn_gatedgcn_pretrain_embed_umap_default
      F 0.010  tabpfn_chemprop_pretrain_embed_umap_default
        0.004  tabpfn_attentivefp_pretrain_embed_umap_default
    family_share = 0.6995

  Q3 (n=1035) family_share=0.7000
      F 0.451  tabpfn_cheme_2d_full_boltz_log2fc_pred_optuna_trial10_seed5ens_umap_default
      F 0.249  tabpfn_cheme_2d_full_boltz_log2fc_pred_seed10ens_top500_umap
        0.177  tabpfn_kermt_pretrain_embed_umap_default
        0.035  tabpfn_pooled_boltz_allpairs_umap_default
        0.033  tabpfn_molformer_c3_pretrain_embed_umap
        0.031  tabpfn_pooled_boltz_umap_default
        0.020  tabpfn_attentivefp_pretrain_embed_umap_default
        0.004  tabpfn_gatedgcn_pretrain_embed_umap_default
      F 0.000  tabpfn_chemprop_pretrain_embed_umap_default
    family_share = 0.7000

  Q4 (n=1035) family_share=0.7000
      F 0.662  tabpfn_cheme_2d_full_boltz_log2fc_pred_seed10ens_top500_umap
        0.197  tabpfn_pooled_boltz_umap_default
        0.069  tabpfn_kermt_pretrain_embed_umap_default
      F 0.037  tabpfn_cheme_2d_full_boltz_log2fc_pred_optuna_trial10_seed5ens_umap_default
        0.019  tabpfn_pooled_boltz_allpairs_umap_default
        0.013  tabpfn_gatedgcn_pretrain_embed_umap_default
        0.002  tabpfn_molformer_c3_pretrain_embed_umap
      F 0.000  tabpfn_chemprop_pretrain_embed_umap_default
        0.000  tabpfn_attentivefp_pretrain_embed_umap_default
    family_share = 0.7000

=== OOF MAE comparison ===
                global  raw=0.3971  cal=0.3962  sp_full=0.8451  Q4_mae=0.3740  Q4_sp=0.8346
      v1_unconstrained  raw=0.3902  cal=0.3891  sp_full=0.8514  Q4_mae=0.3637  Q4_sp=0.8436
             v2_capped  raw=0.3938  cal=0.3922  sp_full=0.8481  Q4_mae=0.3666  Q4_sp=0.8409

=== Strict gate evaluation (M2 calibrated OOF MAE delta) ===
  global cal OOF MAE = 0.3962
  v1_unconstrained: ΔM2=-0.0071 (PASS)  ΔSp=+0.0063 (PASS)  Q4_family_share=0.8860 (FAIL)  => BLOCKED
  v2_capped: ΔM2=-0.0040 (PASS)  ΔSp=+0.0030 (PASS)  Q4_family_share=0.7000 (PASS)  => ALL PASS

=== Test predictions (per-regime routing) ===
                global  test mean=4.793 std=0.767
      v1_unconstrained  test mean=4.776 std=0.785
             v2_capped  test mean=4.787 std=0.778
  saved ens_region_conditioned_v1_unconstrained.csv
  saved ens_region_conditioned_v2_capped.csv

Used train n=4140, test n=513
