Loading data ...
  train n=4140, test n=513
Computing Morgan FPs ...

Loading 9-pool baseline OOF + test ...

Loading new member: tabpfn_cheme_2d_full_boltz_admet_ai_top500_umap
  single OOF MAE=0.4632  Sp=0.7759

Residual r vs each base member:
    r vs tabpfn_cheme_2d_full_boltz_log2fc_pred_optuna_trial10_seed5ens_umap_default = +0.9433
    r vs                  tabpfn_chemprop_pretrain_embed_umap_default = +0.9343
    r vs                             tabpfn_pooled_boltz_umap_default = +0.9353
    r vs                    tabpfn_pooled_boltz_allpairs_umap_default = +0.9386
    r vs                      tabpfn_molformer_c3_pretrain_embed_umap = +0.9182
    r vs                     tabpfn_kermt_pretrain_embed_umap_default = +0.9197
    r vs               tabpfn_attentivefp_pretrain_embed_umap_default = +0.9263
    r vs                  tabpfn_gatedgcn_pretrain_embed_umap_default = +0.9289
    r vs tabpfn_cheme_2d_full_boltz_log2fc_pred_seed10ens_top500_umap = +0.9198

=== Bakeoff: 2 variants ===

--- baseline_9pool (9 members) ---

--- add_new (10 members) ---

=== Computing M2 (calibrated OOF MAE) gate ===
  importance affine: y = 1.0889 * pred + -0.3635

  baseline_9pool:
    M1 raw OOF MAE        = 0.3958
    M2 calibrated OOF MAE = 0.3947
    M4 iw-calibrated MAE  = 0.3981
    cal Sp                = 0.8466
    test pred             = mean 4.7892, std 0.7699
  add_new:
    M1 raw OOF MAE        = 0.3938
    M2 calibrated OOF MAE = 0.3929
    M4 iw-calibrated MAE  = 0.3956
    cal Sp                = 0.8484
    test pred             = mean 4.7892, std 0.7742

=== Deltas (add_new vs baseline) ===
  ΔM1 = -0.0020
  ΔM2 = -0.0018
  ΔM4 = -0.0026
  ΔSp = +0.0018

=== Caruana weights for add_new variant ===
  0.3985  tabpfn_cheme_2d_full_boltz_log2fc_pred_optuna_trial10_seed5ens_umap_default
  0.3552  tabpfn_cheme_2d_full_boltz_log2fc_pred_seed10ens_top500_umap
  0.0698  tabpfn_chemprop_pretrain_embed_umap_default
  0.0678  tabpfn_kermt_pretrain_embed_umap_default
  0.0268  tabpfn_molformer_c3_pretrain_embed_umap
  0.0250  tabpfn_cheme_2d_full_boltz_admet_ai_top500_umap <-- NEW
  0.0233  tabpfn_pooled_boltz_umap_default
  0.0209  tabpfn_pooled_boltz_allpairs_umap_default
  0.0086  tabpfn_gatedgcn_pretrain_embed_umap_default
  0.0040  tabpfn_attentivefp_pretrain_embed_umap_default

=== Gate decision ===
  new member weight: 0.0250  (PASS >= 0.01)
  ΔM2 (calibrated OOF MAE): -0.0018  (check tighter)
  chemprop family share: 0.824  (CHECK out of zone)

  GATE PASS = False

Wrote candidate submission CSV: /home/nagaet/pxr-iduction-challenge/track1_activity/submissions/ens_caruana_bag20_admet_ai_no_log2fc_calibrated_importance.csv
