Loading train labels ...
  train n=4140

Baseline pool: 9 members

Loading new member OOF: tabpfn_cheme_2d_full_boltz_log2fc_pred_seed10ens_admet_ai_top500_umap
  single OOF MAE=0.3964 Sp=0.8490

Residual correlation of tabpfn_cheme_2d_full_boltz_log2fc_pred_seed10ens_admet_ai_top500_umap vs each base member:
    r vs tabpfn_cheme_2d_full_boltz_log2fc_pred_optuna_trial10_seed5ens_umap_default = +0.9823
    r vs                  tabpfn_chemprop_pretrain_embed_umap_default = +0.9606
    r vs                             tabpfn_pooled_boltz_umap_default = +0.8948
    r vs                    tabpfn_pooled_boltz_allpairs_umap_default = +0.8980
    r vs                      tabpfn_molformer_c3_pretrain_embed_umap = +0.9189
    r vs                     tabpfn_kermt_pretrain_embed_umap_default = +0.9409
    r vs               tabpfn_attentivefp_pretrain_embed_umap_default = +0.9203
    r vs                  tabpfn_gatedgcn_pretrain_embed_umap_default = +0.9258
    r vs tabpfn_cheme_2d_full_boltz_log2fc_pred_seed10ens_top500_umap = +0.9974

=== Bakeoff (5-seed averaged caruana_bag20 weights) ===

--- baseline_9pool (9 members) ---
  caruana OOF MAE = 0.3958  Δ vs baseline = +0.0000
  caruana OOF Sp  = 0.8466  Δ vs baseline = +0.0000
  chemprop family share: 0.777  (in 0.65-0.80)
  weights:
    0.3375  tabpfn_cheme_2d_full_boltz_log2fc_pred_seed10ens_top500_umap <-- OLD
    0.3274  tabpfn_cheme_2d_full_boltz_log2fc_pred_optuna_trial10_seed5ens_umap_default
    0.1117  tabpfn_chemprop_pretrain_embed_umap_default
    0.0755  tabpfn_kermt_pretrain_embed_umap_default
    0.0404  tabpfn_pooled_boltz_allpairs_umap_default
    0.0384  tabpfn_molformer_c3_pretrain_embed_umap
    0.0317  tabpfn_pooled_boltz_umap_default
    0.0218  tabpfn_gatedgcn_pretrain_embed_umap_default
    0.0156  tabpfn_attentivefp_pretrain_embed_umap_default

--- swap_admet_top500 (9 members) ---
  caruana OOF MAE = 0.3956  Δ vs baseline = -0.0001
  caruana OOF Sp  = 0.8465  Δ vs baseline = -0.0001
  chemprop family share: 0.773  (in 0.65-0.80)
  weights:
    0.3341  tabpfn_cheme_2d_full_boltz_log2fc_pred_seed10ens_admet_ai_top500_umap <-- NEW
    0.3275  tabpfn_cheme_2d_full_boltz_log2fc_pred_optuna_trial10_seed5ens_umap_default
    0.1117  tabpfn_chemprop_pretrain_embed_umap_default
    0.0786  tabpfn_kermt_pretrain_embed_umap_default
    0.0403  tabpfn_pooled_boltz_allpairs_umap_default
    0.0397  tabpfn_molformer_c3_pretrain_embed_umap
    0.0306  tabpfn_pooled_boltz_umap_default
    0.0218  tabpfn_gatedgcn_pretrain_embed_umap_default
    0.0156  tabpfn_attentivefp_pretrain_embed_umap_default

--- add_admet_top500 (10 members) ---
  caruana OOF MAE = 0.3919  Δ vs baseline = -0.0039
  caruana OOF Sp  = 0.8506  Δ vs baseline = +0.0040
  chemprop family share: 0.887  (OUT)
  weights:
    0.3574  tabpfn_cheme_2d_full_boltz_log2fc_pred_optuna_trial10_seed5ens_umap_default
    0.2611  tabpfn_cheme_2d_full_boltz_log2fc_pred_seed10ens_top500_umap <-- OLD
    0.2260  tabpfn_cheme_2d_full_boltz_log2fc_pred_seed10ens_admet_ai_top500_umap <-- NEW
    0.0424  tabpfn_chemprop_pretrain_embed_umap_default
    0.0423  tabpfn_kermt_pretrain_embed_umap_default
    0.0235  tabpfn_pooled_boltz_umap_default
    0.0200  tabpfn_pooled_boltz_allpairs_umap_default
    0.0193  tabpfn_molformer_c3_pretrain_embed_umap
    0.0047  tabpfn_gatedgcn_pretrain_embed_umap_default
    0.0033  tabpfn_attentivefp_pretrain_embed_umap_default
