/home/nagaet/pxr-iduction-challenge/track1_activity/scripts/run_train.py:1382: UserWarning: pandas only supports SQLAlchemy connectable (engine/connection) or database string URI or sqlite3 DBAPI2 connection. Other DBAPI2 objects are not tested. Please consider using SQLAlchemy.
  vec_df = pd.read_sql(
/home/nagaet/pxr-iduction-challenge/track1_activity/scripts/run_train.py:1386: UserWarning: pandas only supports SQLAlchemy connectable (engine/connection) or database string URI or sqlite3 DBAPI2 connection. Other DBAPI2 objects are not tested. Please consider using SQLAlchemy.
  skfp_df = pd.read_sql(
/home/nagaet/pxr-iduction-challenge/.pixi/envs/default/lib/python3.12/site-packages/umap/umap_.py:1887: UserWarning: gradient function is not yet implemented for jaccard distance metric; inverse_transform will be unavailable
  warn(
/home/nagaet/pxr-iduction-challenge/.pixi/envs/default/lib/python3.12/site-packages/umap/umap_.py:1952: UserWarning: n_jobs value 1 overridden to 1 by setting random_state. Use no seed for parallelism.
  warn(
Model: tabpfn, Feature: 3d_shape_pure, Split: umap, Trials: 20
Loading data...
  3d_shape_pure: usr 12 + usrcat 60 + electroshape 15 = 87 features
  X_train: (4140, 87), X_test: (513, 87)
  Experiment: tabpfn_3d_shape_pure_umap
  [Fold 0] Tuning (20 trials, gap_λ=0.0)...
  [Fold 0] RAE=0.7289  MAE=0.6607  R2=0.3596  Spearman=0.5314  Kendall=0.3741
  [Fold 1] Tuning (20 trials, gap_λ=0.0)...
  [Fold 1] RAE=0.6501  MAE=0.6458  R2=0.4609  Spearman=0.6005  Kendall=0.4210
  [Fold 2] Tuning (20 trials, gap_λ=0.0)...
  [Fold 2] RAE=0.7688  MAE=0.6530  R2=0.2868  Spearman=0.5201  Kendall=0.3646
  [Fold 3] Tuning (20 trials, gap_λ=0.0)...
  [Fold 3] RAE=0.7395  MAE=0.5765  R2=0.3764  Spearman=0.5634  Kendall=0.3967
  [Fold 4] Tuning (20 trials, gap_λ=0.0)...
  [Fold 4] RAE=0.6039  MAE=0.6066  R2=0.5279  Spearman=0.6693  Kendall=0.4825

  Overall OOF (covered subset):
  RAE=0.6909  MAE=0.6286  R2=0.4153  Spearman=0.5781  Kendall=0.4092

  Mean ± Std across folds:
    RAE: 0.6982 ± 0.0614
    MAE: 0.6285 ± 0.0320
    R2: 0.4023 ± 0.0837
    Spearman_R: 0.5769 ± 0.0540
    Kendall_Tau: 0.4078 ± 0.0421

  Final model: n_estimators=2, params from fold 4 (RAE=0.6039)
  Test preds: mean=4.639, std=0.569
  Recorded experiment 'tabpfn_3d_shape_pure_umap' (id=2238)

  Done: tabpfn_3d_shape_pure_umap -> RAE=0.6909
