  warn(
  warn(
Loading data ...
  train=4140, test=513
Computing Morgan fingerprints ...
  X_train_fp (4140, 2048), X_test_fp (513, 2048)
Loading potent-46 anchor indices ...
  potent-46 size: 46
Building UMAP 5-fold split (Morgan+Jaccard, k=50, seed=42) ...
  built 5 folds

=== knn_alltrain_umap ===
  knn_alltrain_umap fold 0: train=3309 val=831 anchors=3309 MAE=0.7529 Sp=0.4692
  knn_alltrain_umap fold 1: train=3310 val=830 anchors=3310 MAE=0.7872 Sp=0.5051
  knn_alltrain_umap fold 2: train=3311 val=829 anchors=3311 MAE=0.7580 Sp=0.3884
  knn_alltrain_umap fold 3: train=3322 val=818 anchors=3322 MAE=0.6911 Sp=0.4239
  knn_alltrain_umap fold 4: train=3308 val=832 anchors=3308 MAE=0.7405 Sp=0.5167
  full OOF: MAE=0.7461  Sp=0.4704  RAE=0.8199  R2=0.2532
  test preds: mean=5.2065 std=0.4094 min=3.6025 max=5.9329
  wrote /home/nagaet/pxr-iduction-challenge/track1_activity/submissions/knn_alltrain_umap.csv
  Recorded experiment 'knn_alltrain_umap' (id=2232)

=== knn_potent46_umap ===
  knn_potent46_umap fold 0: train=3309 val=831 anchors=30 MAE=1.9309 Sp=0.1772
  knn_potent46_umap fold 1: train=3310 val=830 anchors=42 MAE=2.0394 Sp=0.0824
  knn_potent46_umap fold 2: train=3311 val=829 anchors=39 MAE=2.0001 Sp=-0.0703
  knn_potent46_umap fold 3: train=3322 val=818 anchors=37 MAE=1.8229 Sp=0.1328
  knn_potent46_umap fold 4: train=3308 val=832 anchors=36 MAE=2.0179 Sp=0.0133
  full OOF: MAE=1.9626  Sp=0.0745  RAE=2.1569  R2=-3.0451
  test preds: mean=6.2661 std=0.1311 min=6.0406 max=6.7301
  wrote /home/nagaet/pxr-iduction-challenge/track1_activity/submissions/knn_potent46_umap.csv
  Recorded experiment 'knn_potent46_umap' (id=2233)

Residual correlation between the two new members:
  Pearson r(knn_alltrain, knn_potent46) = 0.1372

Done. Both members recorded to DB. Next: edit ENSEMBLE_MODELS in run_ensemble.py and bake-off caruana variants.
